============================= test session starts =============================
platform win32 -- Python 3.14.3, pytest-9.0.3, pluggy-1.6.0
django: version: 6.0.5, settings: config.test_settings (from ini)
rootdir: C:\projects\CONNECT\connect_new_backend
configfile: pytest.ini
plugins: anyio-4.12.1, cov-7.0.0, django-4.11.1
collected 61 items

laundries\tests\test_dashboard.py FFF                                    [  4%]
laundries\tests\test_laundry_api.py ...                                  [  9%]
marketplace\tests\test_notifications.py FFF                              [ 14%]
ordering\tests\test_permissions.py EEEE                                  [ 21%]
tests\test_auth_sessions.py ......                                       [ 31%]
tests\test_forgot_password.py F.......                                   [ 44%]
tests\test_network_security.py ......                                    [ 54%]
tests\test_orders.py E.                                                  [ 57%]
tests\test_payments.py FFF........                                       [ 75%]
tests\test_phase2_security.py ....                                       [ 81%]
tests\test_throttling.py .F                                              [ 85%]
ordering\tests\test_finance_service.py ....                              [ 91%]
tests\test_observability_redaction.py .....                              [100%]

=================================== ERRORS ====================================
_____ ERROR at setup of TestOrderPermissions.test_owner_can_accept_order ______

self = <django.db.backends.utils.CursorWrapper object at 0x000002B4FE99D910>
sql = 'INSERT INTO "laundries_laundry" ("id", "name", "description", "image", "address", "city", "latitude", "longitude", "p... "updated_at") VALUES (%s, %s, %s, %s, %s, %s, %s, %s, %s, %s, %s, %s, %s, %s, %s, %s, %s, %s, %s, %s, %s, %s, %s, %s)'
params = ('d1e3dab1019f4017b9e486a888ace1b9', 'Sample Laundry', '', '', 'Addr', 'Accra', ...)
ignored_wrapper_args = (False, {'connection': <DatabaseWrapper vendor='sqlite' alias='default'>, 'cursor': <django.db.backends.utils.CursorWrapper object at 0x000002B4FE99D910>})

    def _execute(self, sql, params, *ignored_wrapper_args):
        # Raise a warning during app initialization (stored_app_configs is only
        # ever set during testing).
        if not apps.ready and not apps.stored_app_configs:
            warnings.warn(self.APPS_NOT_READY_WARNING_MSG, category=RuntimeWarning)
        self.db.validate_no_broken_transaction()
        with self.db.wrap_database_errors:
            if params is None:
                # params default might be backend specific.
                return self.cursor.execute(sql)
            else:
>               return self.cursor.execute(sql, params)
                       ^^^^^^^^^^^^^^^^^^^^^^^^^^^^^^^^

C:\Users\odame\AppData\Roaming\Python\Python314\site-packages\django\db\backends\utils.py:105: 
_ _ _ _ _ _ _ _ _ _ _ _ _ _ _ _ _ _ _ _ _ _ _ _ _ _ _ _ _ _ _ _ _ _ _ _ _ _ _ _

self = <django.db.backends.sqlite3.base.SQLiteCursorWrapper object at 0x000002B4FE73B390>
query = 'INSERT INTO "laundries_laundry" ("id", "name", "description", "image", "address", "city", "latitude", "longitude", "p...owner_id", "created_at", "updated_at") VALUES (?, ?, ?, ?, ?, ?, ?, ?, ?, ?, ?, ?, ?, ?, ?, ?, ?, ?, ?, ?, ?, ?, ?, ?)'
params = ('d1e3dab1019f4017b9e486a888ace1b9', 'Sample Laundry', '', '', 'Addr', 'Accra', ...)

    def execute(self, query, params=None):
        if params is None:
            return super().execute(query)
        # Extract names if params is a mapping, i.e. "pyformat" style is used.
        param_names = list(params) if isinstance(params, Mapping) else None
        query = self.convert_query(query, param_names=param_names)
>       return super().execute(query, params)
               ^^^^^^^^^^^^^^^^^^^^^^^^^^^^^^
E       sqlite3.IntegrityError: NOT NULL constraint failed: laundries_laundry.latitude

C:\Users\odame\AppData\Roaming\Python\Python314\site-packages\django\db\backends\sqlite3\base.py:359: IntegrityError

The above exception was the direct cause of the following exception:

db = None, authenticated_user = <User: auth-user@example.com>

    @pytest.fixture
    def sample_laundry(db, authenticated_user):
        owner = User.objects.create_user(
            email='laundry-owner@example.com',
            phone='233555900011',
            password='pass',
            role='OWNER'
        )
>       return Laundry.objects.create(name="Sample Laundry", owner=owner, address="Addr")
               ^^^^^^^^^^^^^^^^^^^^^^^^^^^^^^^^^^^^^^^^^^^^^^^^^^^^^^^^^^^^^^^^^^^^^^^^^^

conftest.py:68: 
_ _ _ _ _ _ _ _ _ _ _ _ _ _ _ _ _ _ _ _ _ _ _ _ _ _ _ _ _ _ _ _ _ _ _ _ _ _ _ _
C:\Users\odame\AppData\Roaming\Python\Python314\site-packages\django\db\models\manager.py:87: in manager_method
    return getattr(self.get_queryset(), name)(*args, **kwargs)
           ^^^^^^^^^^^^^^^^^^^^^^^^^^^^^^^^^^^^^^^^^^^^^^^^^^^
C:\Users\odame\AppData\Roaming\Python\Python314\site-packages\django\db\models\query.py:669: in create
    obj.save(force_insert=True, using=self.db)
laundries\models\laundry.py:116: in save
    super().save(*args, **kwargs)
C:\Users\odame\AppData\Roaming\Python\Python314\site-packages\django\db\models\base.py:874: in save
    self.save_base(
C:\Users\odame\AppData\Roaming\Python\Python314\site-packages\django\db\models\base.py:966: in save_base
    updated = self._save_table(
C:\Users\odame\AppData\Roaming\Python\Python314\site-packages\django\db\models\base.py:1169: in _save_table
    results = self._do_insert(
C:\Users\odame\AppData\Roaming\Python\Python314\site-packages\django\db\models\base.py:1220: in _do_insert
    return manager._insert(
C:\Users\odame\AppData\Roaming\Python\Python314\site-packages\django\db\models\manager.py:87: in manager_method
    return getattr(self.get_queryset(), name)(*args, **kwargs)
           ^^^^^^^^^^^^^^^^^^^^^^^^^^^^^^^^^^^^^^^^^^^^^^^^^^^
C:\Users\odame\AppData\Roaming\Python\Python314\site-packages\django\db\models\query.py:1918: in _insert
    return query.get_compiler(using=using).execute_sql(returning_fields)
           ^^^^^^^^^^^^^^^^^^^^^^^^^^^^^^^^^^^^^^^^^^^^^^^^^^^^^^^^^^^^^
C:\Users\odame\AppData\Roaming\Python\Python314\site-packages\django\db\models\sql\compiler.py:1925: in execute_sql
    cursor.execute(sql, params)
C:\Users\odame\AppData\Roaming\Python\Python314\site-packages\django\db\backends\utils.py:79: in execute
    return self._execute_with_wrappers(
C:\Users\odame\AppData\Roaming\Python\Python314\site-packages\django\db\backends\utils.py:92: in _execute_with_wrappers
    return executor(sql, params, many, context)
           ^^^^^^^^^^^^^^^^^^^^^^^^^^^^^^^^^^^^
C:\Users\odame\AppData\Roaming\Python\Python314\site-packages\django\db\backends\utils.py:100: in _execute
    with self.db.wrap_database_errors:
         ^^^^^^^^^^^^^^^^^^^^^^^^^^^^
C:\Users\odame\AppData\Roaming\Python\Python314\site-packages\django\db\utils.py:94: in __exit__
    raise dj_exc_value.with_traceback(traceback) from exc_value
C:\Users\odame\AppData\Roaming\Python\Python314\site-packages\django\db\backends\utils.py:105: in _execute
    return self.cursor.execute(sql, params)
           ^^^^^^^^^^^^^^^^^^^^^^^^^^^^^^^^
_ _ _ _ _ _ _ _ _ _ _ _ _ _ _ _ _ _ _ _ _ _ _ _ _ _ _ _ _ _ _ _ _ _ _ _ _ _ _ _

self = <django.db.backends.sqlite3.base.SQLiteCursorWrapper object at 0x000002B4FE73B390>
query = 'INSERT INTO "laundries_laundry" ("id", "name", "description", "image", "address", "city", "latitude", "longitude", "p...owner_id", "created_at", "updated_at") VALUES (?, ?, ?, ?, ?, ?, ?, ?, ?, ?, ?, ?, ?, ?, ?, ?, ?, ?, ?, ?, ?, ?, ?, ?)'
params = ('d1e3dab1019f4017b9e486a888ace1b9', 'Sample Laundry', '', '', 'Addr', 'Accra', ...)

    def execute(self, query, params=None):
        if params is None:
            return super().execute(query)
        # Extract names if params is a mapping, i.e. "pyformat" style is used.
        param_names = list(params) if isinstance(params, Mapping) else None
        query = self.convert_query(query, param_names=param_names)
>       return super().execute(query, params)
               ^^^^^^^^^^^^^^^^^^^^^^^^^^^^^^
E       django.db.utils.IntegrityError: NOT NULL constraint failed: laundries_laundry.latitude

C:\Users\odame\AppData\Roaming\Python\Python314\site-packages\django\db\backends\sqlite3\base.py:359: IntegrityError
_ ERROR at setup of TestOrderPermissions.test_other_laundry_owner_cannot_accept_order _

self = <django.db.backends.utils.CursorWrapper object at 0x000002B4FE9D4C50>
sql = 'INSERT INTO "laundries_laundry" ("id", "name", "description", "image", "address", "city", "latitude", "longitude", "p... "updated_at") VALUES (%s, %s, %s, %s, %s, %s, %s, %s, %s, %s, %s, %s, %s, %s, %s, %s, %s, %s, %s, %s, %s, %s, %s, %s)'
params = ('8ce8658960ca4cf9baab68aa54b86ca9', 'Sample Laundry', '', '', 'Addr', 'Accra', ...)
ignored_wrapper_args = (False, {'connection': <DatabaseWrapper vendor='sqlite' alias='default'>, 'cursor': <django.db.backends.utils.CursorWrapper object at 0x000002B4FE9D4C50>})

    def _execute(self, sql, params, *ignored_wrapper_args):
        # Raise a warning during app initialization (stored_app_configs is only
        # ever set during testing).
        if not apps.ready and not apps.stored_app_configs:
            warnings.warn(self.APPS_NOT_READY_WARNING_MSG, category=RuntimeWarning)
        self.db.validate_no_broken_transaction()
        with self.db.wrap_database_errors:
            if params is None:
                # params default might be backend specific.
                return self.cursor.execute(sql)
            else:
>               return self.cursor.execute(sql, params)
                       ^^^^^^^^^^^^^^^^^^^^^^^^^^^^^^^^

C:\Users\odame\AppData\Roaming\Python\Python314\site-packages\django\db\backends\utils.py:105: 
_ _ _ _ _ _ _ _ _ _ _ _ _ _ _ _ _ _ _ _ _ _ _ _ _ _ _ _ _ _ _ _ _ _ _ _ _ _ _ _

self = <django.db.backends.sqlite3.base.SQLiteCursorWrapper object at 0x000002B4FE73AAD0>
query = 'INSERT INTO "laundries_laundry" ("id", "name", "description", "image", "address", "city", "latitude", "longitude", "p...owner_id", "created_at", "updated_at") VALUES (?, ?, ?, ?, ?, ?, ?, ?, ?, ?, ?, ?, ?, ?, ?, ?, ?, ?, ?, ?, ?, ?, ?, ?)'
params = ('8ce8658960ca4cf9baab68aa54b86ca9', 'Sample Laundry', '', '', 'Addr', 'Accra', ...)

    def execute(self, query, params=None):
        if params is None:
            return super().execute(query)
        # Extract names if params is a mapping, i.e. "pyformat" style is used.
        param_names = list(params) if isinstance(params, Mapping) else None
        query = self.convert_query(query, param_names=param_names)
>       return super().execute(query, params)
               ^^^^^^^^^^^^^^^^^^^^^^^^^^^^^^
E       sqlite3.IntegrityError: NOT NULL constraint failed: laundries_laundry.latitude

C:\Users\odame\AppData\Roaming\Python\Python314\site-packages\django\db\backends\sqlite3\base.py:359: IntegrityError

The above exception was the direct cause of the following exception:

db = None, authenticated_user = <User: auth-user@example.com>

    @pytest.fixture
    def sample_laundry(db, authenticated_user):
        owner = User.objects.create_user(
            email='laundry-owner@example.com',
            phone='233555900011',
            password='pass',
            role='OWNER'
        )
>       return Laundry.objects.create(name="Sample Laundry", owner=owner, address="Addr")
               ^^^^^^^^^^^^^^^^^^^^^^^^^^^^^^^^^^^^^^^^^^^^^^^^^^^^^^^^^^^^^^^^^^^^^^^^^^

conftest.py:68: 
_ _ _ _ _ _ _ _ _ _ _ _ _ _ _ _ _ _ _ _ _ _ _ _ _ _ _ _ _ _ _ _ _ _ _ _ _ _ _ _
C:\Users\odame\AppData\Roaming\Python\Python314\site-packages\django\db\models\manager.py:87: in manager_method
    return getattr(self.get_queryset(), name)(*args, **kwargs)
           ^^^^^^^^^^^^^^^^^^^^^^^^^^^^^^^^^^^^^^^^^^^^^^^^^^^
C:\Users\odame\AppData\Roaming\Python\Python314\site-packages\django\db\models\query.py:669: in create
    obj.save(force_insert=True, using=self.db)
laundries\models\laundry.py:116: in save
    super().save(*args, **kwargs)
C:\Users\odame\AppData\Roaming\Python\Python314\site-packages\django\db\models\base.py:874: in save
    self.save_base(
C:\Users\odame\AppData\Roaming\Python\Python314\site-packages\django\db\models\base.py:966: in save_base
    updated = self._save_table(
C:\Users\odame\AppData\Roaming\Python\Python314\site-packages\django\db\models\base.py:1169: in _save_table
    results = self._do_insert(
C:\Users\odame\AppData\Roaming\Python\Python314\site-packages\django\db\models\base.py:1220: in _do_insert
    return manager._insert(
C:\Users\odame\AppData\Roaming\Python\Python314\site-packages\django\db\models\manager.py:87: in manager_method
    return getattr(self.get_queryset(), name)(*args, **kwargs)
           ^^^^^^^^^^^^^^^^^^^^^^^^^^^^^^^^^^^^^^^^^^^^^^^^^^^
C:\Users\odame\AppData\Roaming\Python\Python314\site-packages\django\db\models\query.py:1918: in _insert
    return query.get_compiler(using=using).execute_sql(returning_fields)
           ^^^^^^^^^^^^^^^^^^^^^^^^^^^^^^^^^^^^^^^^^^^^^^^^^^^^^^^^^^^^^
C:\Users\odame\AppData\Roaming\Python\Python314\site-packages\django\db\models\sql\compiler.py:1925: in execute_sql
    cursor.execute(sql, params)
C:\Users\odame\AppData\Roaming\Python\Python314\site-packages\django\db\backends\utils.py:79: in execute
    return self._execute_with_wrappers(
C:\Users\odame\AppData\Roaming\Python\Python314\site-packages\django\db\backends\utils.py:92: in _execute_with_wrappers
    return executor(sql, params, many, context)
           ^^^^^^^^^^^^^^^^^^^^^^^^^^^^^^^^^^^^
C:\Users\odame\AppData\Roaming\Python\Python314\site-packages\django\db\backends\utils.py:100: in _execute
    with self.db.wrap_database_errors:
         ^^^^^^^^^^^^^^^^^^^^^^^^^^^^
C:\Users\odame\AppData\Roaming\Python\Python314\site-packages\django\db\utils.py:94: in __exit__
    raise dj_exc_value.with_traceback(traceback) from exc_value
C:\Users\odame\AppData\Roaming\Python\Python314\site-packages\django\db\backends\utils.py:105: in _execute
    return self.cursor.execute(sql, params)
           ^^^^^^^^^^^^^^^^^^^^^^^^^^^^^^^^
_ _ _ _ _ _ _ _ _ _ _ _ _ _ _ _ _ _ _ _ _ _ _ _ _ _ _ _ _ _ _ _ _ _ _ _ _ _ _ _

self = <django.db.backends.sqlite3.base.SQLiteCursorWrapper object at 0x000002B4FE73AAD0>
query = 'INSERT INTO "laundries_laundry" ("id", "name", "description", "image", "address", "city", "latitude", "longitude", "p...owner_id", "created_at", "updated_at") VALUES (?, ?, ?, ?, ?, ?, ?, ?, ?, ?, ?, ?, ?, ?, ?, ?, ?, ?, ?, ?, ?, ?, ?, ?)'
params = ('8ce8658960ca4cf9baab68aa54b86ca9', 'Sample Laundry', '', '', 'Addr', 'Accra', ...)

    def execute(self, query, params=None):
        if params is None:
            return super().execute(query)
        # Extract names if params is a mapping, i.e. "pyformat" style is used.
        param_names = list(params) if isinstance(params, Mapping) else None
        query = self.convert_query(query, param_names=param_names)
>       return super().execute(query, params)
               ^^^^^^^^^^^^^^^^^^^^^^^^^^^^^^
E       django.db.utils.IntegrityError: NOT NULL constraint failed: laundries_laundry.latitude

C:\Users\odame\AppData\Roaming\Python\Python314\site-packages\django\db\backends\sqlite3\base.py:359: IntegrityError
__ ERROR at setup of TestOrderPermissions.test_customer_cannot_accept_order ___

self = <django.db.backends.utils.CursorWrapper object at 0x000002B4FE9D6F30>
sql = 'INSERT INTO "laundries_laundry" ("id", "name", "description", "image", "address", "city", "latitude", "longitude", "p... "updated_at") VALUES (%s, %s, %s, %s, %s, %s, %s, %s, %s, %s, %s, %s, %s, %s, %s, %s, %s, %s, %s, %s, %s, %s, %s, %s)'
params = ('0b2f396df5194420b85c0ec165695e79', 'Sample Laundry', '', '', 'Addr', 'Accra', ...)
ignored_wrapper_args = (False, {'connection': <DatabaseWrapper vendor='sqlite' alias='default'>, 'cursor': <django.db.backends.utils.CursorWrapper object at 0x000002B4FE9D6F30>})

    def _execute(self, sql, params, *ignored_wrapper_args):
        # Raise a warning during app initialization (stored_app_configs is only
        # ever set during testing).
        if not apps.ready and not apps.stored_app_configs:
            warnings.warn(self.APPS_NOT_READY_WARNING_MSG, category=RuntimeWarning)
        self.db.validate_no_broken_transaction()
        with self.db.wrap_database_errors:
            if params is None:
                # params default might be backend specific.
                return self.cursor.execute(sql)
            else:
>               return self.cursor.execute(sql, params)
                       ^^^^^^^^^^^^^^^^^^^^^^^^^^^^^^^^

C:\Users\odame\AppData\Roaming\Python\Python314\site-packages\django\db\backends\utils.py:105: 
_ _ _ _ _ _ _ _ _ _ _ _ _ _ _ _ _ _ _ _ _ _ _ _ _ _ _ _ _ _ _ _ _ _ _ _ _ _ _ _

self = <django.db.backends.sqlite3.base.SQLiteCursorWrapper object at 0x000002B4FE73B430>
query = 'INSERT INTO "laundries_laundry" ("id", "name", "description", "image", "address", "city", "latitude", "longitude", "p...owner_id", "created_at", "updated_at") VALUES (?, ?, ?, ?, ?, ?, ?, ?, ?, ?, ?, ?, ?, ?, ?, ?, ?, ?, ?, ?, ?, ?, ?, ?)'
params = ('0b2f396df5194420b85c0ec165695e79', 'Sample Laundry', '', '', 'Addr', 'Accra', ...)

    def execute(self, query, params=None):
        if params is None:
            return super().execute(query)
        # Extract names if params is a mapping, i.e. "pyformat" style is used.
        param_names = list(params) if isinstance(params, Mapping) else None
        query = self.convert_query(query, param_names=param_names)
>       return super().execute(query, params)
               ^^^^^^^^^^^^^^^^^^^^^^^^^^^^^^
E       sqlite3.IntegrityError: NOT NULL constraint failed: laundries_laundry.latitude

C:\Users\odame\AppData\Roaming\Python\Python314\site-packages\django\db\backends\sqlite3\base.py:359: IntegrityError

The above exception was the direct cause of the following exception:

db = None, authenticated_user = <User: auth-user@example.com>

    @pytest.fixture
    def sample_laundry(db, authenticated_user):
        owner = User.objects.create_user(
            email='laundry-owner@example.com',
            phone='233555900011',
            password='pass',
            role='OWNER'
        )
>       return Laundry.objects.create(name="Sample Laundry", owner=owner, address="Addr")
               ^^^^^^^^^^^^^^^^^^^^^^^^^^^^^^^^^^^^^^^^^^^^^^^^^^^^^^^^^^^^^^^^^^^^^^^^^^

conftest.py:68: 
_ _ _ _ _ _ _ _ _ _ _ _ _ _ _ _ _ _ _ _ _ _ _ _ _ _ _ _ _ _ _ _ _ _ _ _ _ _ _ _
C:\Users\odame\AppData\Roaming\Python\Python314\site-packages\django\db\models\manager.py:87: in manager_method
    return getattr(self.get_queryset(), name)(*args, **kwargs)
           ^^^^^^^^^^^^^^^^^^^^^^^^^^^^^^^^^^^^^^^^^^^^^^^^^^^
C:\Users\odame\AppData\Roaming\Python\Python314\site-packages\django\db\models\query.py:669: in create
    obj.save(force_insert=True, using=self.db)
laundries\models\laundry.py:116: in save
    super().save(*args, **kwargs)
C:\Users\odame\AppData\Roaming\Python\Python314\site-packages\django\db\models\base.py:874: in save
    self.save_base(
C:\Users\odame\AppData\Roaming\Python\Python314\site-packages\django\db\models\base.py:966: in save_base
    updated = self._save_table(
C:\Users\odame\AppData\Roaming\Python\Python314\site-packages\django\db\models\base.py:1169: in _save_table
    results = self._do_insert(
C:\Users\odame\AppData\Roaming\Python\Python314\site-packages\django\db\models\base.py:1220: in _do_insert
    return manager._insert(
C:\Users\odame\AppData\Roaming\Python\Python314\site-packages\django\db\models\manager.py:87: in manager_method
    return getattr(self.get_queryset(), name)(*args, **kwargs)
           ^^^^^^^^^^^^^^^^^^^^^^^^^^^^^^^^^^^^^^^^^^^^^^^^^^^
C:\Users\odame\AppData\Roaming\Python\Python314\site-packages\django\db\models\query.py:1918: in _insert
    return query.get_compiler(using=using).execute_sql(returning_fields)
           ^^^^^^^^^^^^^^^^^^^^^^^^^^^^^^^^^^^^^^^^^^^^^^^^^^^^^^^^^^^^^
C:\Users\odame\AppData\Roaming\Python\Python314\site-packages\django\db\models\sql\compiler.py:1925: in execute_sql
    cursor.execute(sql, params)
C:\Users\odame\AppData\Roaming\Python\Python314\site-packages\django\db\backends\utils.py:79: in execute
    return self._execute_with_wrappers(
C:\Users\odame\AppData\Roaming\Python\Python314\site-packages\django\db\backends\utils.py:92: in _execute_with_wrappers
    return executor(sql, params, many, context)
           ^^^^^^^^^^^^^^^^^^^^^^^^^^^^^^^^^^^^
C:\Users\odame\AppData\Roaming\Python\Python314\site-packages\django\db\backends\utils.py:100: in _execute
    with self.db.wrap_database_errors:
         ^^^^^^^^^^^^^^^^^^^^^^^^^^^^
C:\Users\odame\AppData\Roaming\Python\Python314\site-packages\django\db\utils.py:94: in __exit__
    raise dj_exc_value.with_traceback(traceback) from exc_value
C:\Users\odame\AppData\Roaming\Python\Python314\site-packages\django\db\backends\utils.py:105: in _execute
    return self.cursor.execute(sql, params)
           ^^^^^^^^^^^^^^^^^^^^^^^^^^^^^^^^
_ _ _ _ _ _ _ _ _ _ _ _ _ _ _ _ _ _ _ _ _ _ _ _ _ _ _ _ _ _ _ _ _ _ _ _ _ _ _ _

self = <django.db.backends.sqlite3.base.SQLiteCursorWrapper object at 0x000002B4FE73B430>
query = 'INSERT INTO "laundries_laundry" ("id", "name", "description", "image", "address", "city", "latitude", "longitude", "p...owner_id", "created_at", "updated_at") VALUES (?, ?, ?, ?, ?, ?, ?, ?, ?, ?, ?, ?, ?, ?, ?, ?, ?, ?, ?, ?, ?, ?, ?, ?)'
params = ('0b2f396df5194420b85c0ec165695e79', 'Sample Laundry', '', '', 'Addr', 'Accra', ...)

    def execute(self, query, params=None):
        if params is None:
            return super().execute(query)
        # Extract names if params is a mapping, i.e. "pyformat" style is used.
        param_names = list(params) if isinstance(params, Mapping) else None
        query = self.convert_query(query, param_names=param_names)
>       return super().execute(query, params)
               ^^^^^^^^^^^^^^^^^^^^^^^^^^^^^^
E       django.db.utils.IntegrityError: NOT NULL constraint failed: laundries_laundry.latitude

C:\Users\odame\AppData\Roaming\Python\Python314\site-packages\django\db\backends\sqlite3\base.py:359: IntegrityError
_____ ERROR at setup of TestOrderPermissions.test_admin_can_accept_order ______

self = <django.db.backends.utils.CursorWrapper object at 0x000002B4FE8E15B0>
sql = 'INSERT INTO "laundries_laundry" ("id", "name", "description", "image", "address", "city", "latitude", "longitude", "p... "updated_at") VALUES (%s, %s, %s, %s, %s, %s, %s, %s, %s, %s, %s, %s, %s, %s, %s, %s, %s, %s, %s, %s, %s, %s, %s, %s)'
params = ('2bc573f2c076408ca4bb8abdfaf6f0b8', 'Sample Laundry', '', '', 'Addr', 'Accra', ...)
ignored_wrapper_args = (False, {'connection': <DatabaseWrapper vendor='sqlite' alias='default'>, 'cursor': <django.db.backends.utils.CursorWrapper object at 0x000002B4FE8E15B0>})

    def _execute(self, sql, params, *ignored_wrapper_args):
        # Raise a warning during app initialization (stored_app_configs is only
        # ever set during testing).
        if not apps.ready and not apps.stored_app_configs:
            warnings.warn(self.APPS_NOT_READY_WARNING_MSG, category=RuntimeWarning)
        self.db.validate_no_broken_transaction()
        with self.db.wrap_database_errors:
            if params is None:
                # params default might be backend specific.
                return self.cursor.execute(sql)
            else:
>               return self.cursor.execute(sql, params)
                       ^^^^^^^^^^^^^^^^^^^^^^^^^^^^^^^^

C:\Users\odame\AppData\Roaming\Python\Python314\site-packages\django\db\backends\utils.py:105: 
_ _ _ _ _ _ _ _ _ _ _ _ _ _ _ _ _ _ _ _ _ _ _ _ _ _ _ _ _ _ _ _ _ _ _ _ _ _ _ _

self = <django.db.backends.sqlite3.base.SQLiteCursorWrapper object at 0x000002B4FE73A8F0>
query = 'INSERT INTO "laundries_laundry" ("id", "name", "description", "image", "address", "city", "latitude", "longitude", "p...owner_id", "created_at", "updated_at") VALUES (?, ?, ?, ?, ?, ?, ?, ?, ?, ?, ?, ?, ?, ?, ?, ?, ?, ?, ?, ?, ?, ?, ?, ?)'
params = ('2bc573f2c076408ca4bb8abdfaf6f0b8', 'Sample Laundry', '', '', 'Addr', 'Accra', ...)

    def execute(self, query, params=None):
        if params is None:
            return super().execute(query)
        # Extract names if params is a mapping, i.e. "pyformat" style is used.
        param_names = list(params) if isinstance(params, Mapping) else None
        query = self.convert_query(query, param_names=param_names)
>       return super().execute(query, params)
               ^^^^^^^^^^^^^^^^^^^^^^^^^^^^^^
E       sqlite3.IntegrityError: NOT NULL constraint failed: laundries_laundry.latitude

C:\Users\odame\AppData\Roaming\Python\Python314\site-packages\django\db\backends\sqlite3\base.py:359: IntegrityError

The above exception was the direct cause of the following exception:

db = None, authenticated_user = <User: auth-user@example.com>

    @pytest.fixture
    def sample_laundry(db, authenticated_user):
        owner = User.objects.create_user(
            email='laundry-owner@example.com',
            phone='233555900011',
            password='pass',
            role='OWNER'
        )
>       return Laundry.objects.create(name="Sample Laundry", owner=owner, address="Addr")
               ^^^^^^^^^^^^^^^^^^^^^^^^^^^^^^^^^^^^^^^^^^^^^^^^^^^^^^^^^^^^^^^^^^^^^^^^^^

conftest.py:68: 
_ _ _ _ _ _ _ _ _ _ _ _ _ _ _ _ _ _ _ _ _ _ _ _ _ _ _ _ _ _ _ _ _ _ _ _ _ _ _ _
C:\Users\odame\AppData\Roaming\Python\Python314\site-packages\django\db\models\manager.py:87: in manager_method
    return getattr(self.get_queryset(), name)(*args, **kwargs)
           ^^^^^^^^^^^^^^^^^^^^^^^^^^^^^^^^^^^^^^^^^^^^^^^^^^^
C:\Users\odame\AppData\Roaming\Python\Python314\site-packages\django\db\models\query.py:669: in create
    obj.save(force_insert=True, using=self.db)
laundries\models\laundry.py:116: in save
    super().save(*args, **kwargs)
C:\Users\odame\AppData\Roaming\Python\Python314\site-packages\django\db\models\base.py:874: in save
    self.save_base(
C:\Users\odame\AppData\Roaming\Python\Python314\site-packages\django\db\models\base.py:966: in save_base
    updated = self._save_table(
C:\Users\odame\AppData\Roaming\Python\Python314\site-packages\django\db\models\base.py:1169: in _save_table
    results = self._do_insert(
C:\Users\odame\AppData\Roaming\Python\Python314\site-packages\django\db\models\base.py:1220: in _do_insert
    return manager._insert(
C:\Users\odame\AppData\Roaming\Python\Python314\site-packages\django\db\models\manager.py:87: in manager_method
    return getattr(self.get_queryset(), name)(*args, **kwargs)
           ^^^^^^^^^^^^^^^^^^^^^^^^^^^^^^^^^^^^^^^^^^^^^^^^^^^
C:\Users\odame\AppData\Roaming\Python\Python314\site-packages\django\db\models\query.py:1918: in _insert
    return query.get_compiler(using=using).execute_sql(returning_fields)
           ^^^^^^^^^^^^^^^^^^^^^^^^^^^^^^^^^^^^^^^^^^^^^^^^^^^^^^^^^^^^^
C:\Users\odame\AppData\Roaming\Python\Python314\site-packages\django\db\models\sql\compiler.py:1925: in execute_sql
    cursor.execute(sql, params)
C:\Users\odame\AppData\Roaming\Python\Python314\site-packages\django\db\backends\utils.py:79: in execute
    return self._execute_with_wrappers(
C:\Users\odame\AppData\Roaming\Python\Python314\site-packages\django\db\backends\utils.py:92: in _execute_with_wrappers
    return executor(sql, params, many, context)
           ^^^^^^^^^^^^^^^^^^^^^^^^^^^^^^^^^^^^
C:\Users\odame\AppData\Roaming\Python\Python314\site-packages\django\db\backends\utils.py:100: in _execute
    with self.db.wrap_database_errors:
         ^^^^^^^^^^^^^^^^^^^^^^^^^^^^
C:\Users\odame\AppData\Roaming\Python\Python314\site-packages\django\db\utils.py:94: in __exit__
    raise dj_exc_value.with_traceback(traceback) from exc_value
C:\Users\odame\AppData\Roaming\Python\Python314\site-packages\django\db\backends\utils.py:105: in _execute
    return self.cursor.execute(sql, params)
           ^^^^^^^^^^^^^^^^^^^^^^^^^^^^^^^^
_ _ _ _ _ _ _ _ _ _ _ _ _ _ _ _ _ _ _ _ _ _ _ _ _ _ _ _ _ _ _ _ _ _ _ _ _ _ _ _

self = <django.db.backends.sqlite3.base.SQLiteCursorWrapper object at 0x000002B4FE73A8F0>
query = 'INSERT INTO "laundries_laundry" ("id", "name", "description", "image", "address", "city", "latitude", "longitude", "p...owner_id", "created_at", "updated_at") VALUES (?, ?, ?, ?, ?, ?, ?, ?, ?, ?, ?, ?, ?, ?, ?, ?, ?, ?, ?, ?, ?, ?, ?, ?)'
params = ('2bc573f2c076408ca4bb8abdfaf6f0b8', 'Sample Laundry', '', '', 'Addr', 'Accra', ...)

    def execute(self, query, params=None):
        if params is None:
            return super().execute(query)
        # Extract names if params is a mapping, i.e. "pyformat" style is used.
        param_names = list(params) if isinstance(params, Mapping) else None
        query = self.convert_query(query, param_names=param_names)
>       return super().execute(query, params)
               ^^^^^^^^^^^^^^^^^^^^^^^^^^^^^^
E       django.db.utils.IntegrityError: NOT NULL constraint failed: laundries_laundry.latitude

C:\Users\odame\AppData\Roaming\Python\Python314\site-packages\django\db\backends\sqlite3\base.py:359: IntegrityError
_ ERROR at setup of TestOrderStateTransitions.test_order_creation_to_confirmation _

self = <django.db.backends.utils.CursorWrapper object at 0x000002B4FEACABD0>
sql = 'INSERT INTO "laundries_laundry" ("id", "name", "description", "image", "address", "city", "latitude", "longitude", "p... "updated_at") VALUES (%s, %s, %s, %s, %s, %s, %s, %s, %s, %s, %s, %s, %s, %s, %s, %s, %s, %s, %s, %s, %s, %s, %s, %s)'
params = ('edd187ba36954e71a3b706aa24796de7', 'Sample Laundry', '', '', 'Addr', 'Accra', ...)
ignored_wrapper_args = (False, {'connection': <DatabaseWrapper vendor='sqlite' alias='default'>, 'cursor': <django.db.backends.utils.CursorWrapper object at 0x000002B4FEACABD0>})

    def _execute(self, sql, params, *ignored_wrapper_args):
        # Raise a warning during app initialization (stored_app_configs is only
        # ever set during testing).
        if not apps.ready and not apps.stored_app_configs:
            warnings.warn(self.APPS_NOT_READY_WARNING_MSG, category=RuntimeWarning)
        self.db.validate_no_broken_transaction()
        with self.db.wrap_database_errors:
            if params is None:
                # params default might be backend specific.
                return self.cursor.execute(sql)
            else:
>               return self.cursor.execute(sql, params)
                       ^^^^^^^^^^^^^^^^^^^^^^^^^^^^^^^^

C:\Users\odame\AppData\Roaming\Python\Python314\site-packages\django\db\backends\utils.py:105: 
_ _ _ _ _ _ _ _ _ _ _ _ _ _ _ _ _ _ _ _ _ _ _ _ _ _ _ _ _ _ _ _ _ _ _ _ _ _ _ _

self = <django.db.backends.sqlite3.base.SQLiteCursorWrapper object at 0x000002B4FD155A90>
query = 'INSERT INTO "laundries_laundry" ("id", "name", "description", "image", "address", "city", "latitude", "longitude", "p...owner_id", "created_at", "updated_at") VALUES (?, ?, ?, ?, ?, ?, ?, ?, ?, ?, ?, ?, ?, ?, ?, ?, ?, ?, ?, ?, ?, ?, ?, ?)'
params = ('edd187ba36954e71a3b706aa24796de7', 'Sample Laundry', '', '', 'Addr', 'Accra', ...)

    def execute(self, query, params=None):
        if params is None:
            return super().execute(query)
        # Extract names if params is a mapping, i.e. "pyformat" style is used.
        param_names = list(params) if isinstance(params, Mapping) else None
        query = self.convert_query(query, param_names=param_names)
>       return super().execute(query, params)
               ^^^^^^^^^^^^^^^^^^^^^^^^^^^^^^
E       sqlite3.IntegrityError: NOT NULL constraint failed: laundries_laundry.latitude

C:\Users\odame\AppData\Roaming\Python\Python314\site-packages\django\db\backends\sqlite3\base.py:359: IntegrityError

The above exception was the direct cause of the following exception:

db = None, authenticated_user = <User: auth-user@example.com>

    @pytest.fixture
    def sample_laundry(db, authenticated_user):
        owner = User.objects.create_user(
            email='laundry-owner@example.com',
            phone='233555900011',
            password='pass',
            role='OWNER'
        )
>       return Laundry.objects.create(name="Sample Laundry", owner=owner, address="Addr")
               ^^^^^^^^^^^^^^^^^^^^^^^^^^^^^^^^^^^^^^^^^^^^^^^^^^^^^^^^^^^^^^^^^^^^^^^^^^

conftest.py:68: 
_ _ _ _ _ _ _ _ _ _ _ _ _ _ _ _ _ _ _ _ _ _ _ _ _ _ _ _ _ _ _ _ _ _ _ _ _ _ _ _
C:\Users\odame\AppData\Roaming\Python\Python314\site-packages\django\db\models\manager.py:87: in manager_method
    return getattr(self.get_queryset(), name)(*args, **kwargs)
           ^^^^^^^^^^^^^^^^^^^^^^^^^^^^^^^^^^^^^^^^^^^^^^^^^^^
C:\Users\odame\AppData\Roaming\Python\Python314\site-packages\django\db\models\query.py:669: in create
    obj.save(force_insert=True, using=self.db)
laundries\models\laundry.py:116: in save
    super().save(*args, **kwargs)
C:\Users\odame\AppData\Roaming\Python\Python314\site-packages\django\db\models\base.py:874: in save
    self.save_base(
C:\Users\odame\AppData\Roaming\Python\Python314\site-packages\django\db\models\base.py:966: in save_base
    updated = self._save_table(
C:\Users\odame\AppData\Roaming\Python\Python314\site-packages\django\db\models\base.py:1169: in _save_table
    results = self._do_insert(
C:\Users\odame\AppData\Roaming\Python\Python314\site-packages\django\db\models\base.py:1220: in _do_insert
    return manager._insert(
C:\Users\odame\AppData\Roaming\Python\Python314\site-packages\django\db\models\manager.py:87: in manager_method
    return getattr(self.get_queryset(), name)(*args, **kwargs)
           ^^^^^^^^^^^^^^^^^^^^^^^^^^^^^^^^^^^^^^^^^^^^^^^^^^^
C:\Users\odame\AppData\Roaming\Python\Python314\site-packages\django\db\models\query.py:1918: in _insert
    return query.get_compiler(using=using).execute_sql(returning_fields)
           ^^^^^^^^^^^^^^^^^^^^^^^^^^^^^^^^^^^^^^^^^^^^^^^^^^^^^^^^^^^^^
C:\Users\odame\AppData\Roaming\Python\Python314\site-packages\django\db\models\sql\compiler.py:1925: in execute_sql
    cursor.execute(sql, params)
C:\Users\odame\AppData\Roaming\Python\Python314\site-packages\django\db\backends\utils.py:79: in execute
    return self._execute_with_wrappers(
C:\Users\odame\AppData\Roaming\Python\Python314\site-packages\django\db\backends\utils.py:92: in _execute_with_wrappers
    return executor(sql, params, many, context)
           ^^^^^^^^^^^^^^^^^^^^^^^^^^^^^^^^^^^^
C:\Users\odame\AppData\Roaming\Python\Python314\site-packages\django\db\backends\utils.py:100: in _execute
    with self.db.wrap_database_errors:
         ^^^^^^^^^^^^^^^^^^^^^^^^^^^^
C:\Users\odame\AppData\Roaming\Python\Python314\site-packages\django\db\utils.py:94: in __exit__
    raise dj_exc_value.with_traceback(traceback) from exc_value
C:\Users\odame\AppData\Roaming\Python\Python314\site-packages\django\db\backends\utils.py:105: in _execute
    return self.cursor.execute(sql, params)
           ^^^^^^^^^^^^^^^^^^^^^^^^^^^^^^^^
_ _ _ _ _ _ _ _ _ _ _ _ _ _ _ _ _ _ _ _ _ _ _ _ _ _ _ _ _ _ _ _ _ _ _ _ _ _ _ _

self = <django.db.backends.sqlite3.base.SQLiteCursorWrapper object at 0x000002B4FD155A90>
query = 'INSERT INTO "laundries_laundry" ("id", "name", "description", "image", "address", "city", "latitude", "longitude", "p...owner_id", "created_at", "updated_at") VALUES (?, ?, ?, ?, ?, ?, ?, ?, ?, ?, ?, ?, ?, ?, ?, ?, ?, ?, ?, ?, ?, ?, ?, ?)'
params = ('edd187ba36954e71a3b706aa24796de7', 'Sample Laundry', '', '', 'Addr', 'Accra', ...)

    def execute(self, query, params=None):
        if params is None:
            return super().execute(query)
        # Extract names if params is a mapping, i.e. "pyformat" style is used.
        param_names = list(params) if isinstance(params, Mapping) else None
        query = self.convert_query(query, param_names=param_names)
>       return super().execute(query, params)
               ^^^^^^^^^^^^^^^^^^^^^^^^^^^^^^
E       django.db.utils.IntegrityError: NOT NULL constraint failed: laundries_laundry.latitude

C:\Users\odame\AppData\Roaming\Python\Python314\site-packages\django\db\backends\sqlite3\base.py:359: IntegrityError
================================== FAILURES ===================================
______________ DashboardTests.test_customer_cannot_access_stats _______________

self = <django.db.backends.utils.CursorWrapper object at 0x000002B4FEC68890>
sql = 'INSERT INTO "laundries_laundry" ("id", "name", "description", "image", "address", "city", "latitude", "longitude", "p... "updated_at") VALUES (%s, %s, %s, %s, %s, %s, %s, %s, %s, %s, %s, %s, %s, %s, %s, %s, %s, %s, %s, %s, %s, %s, %s, %s)'
params = ('1a1c5d15296c4656af25e2d249389058', 'Store 1', '', '', 'Addr', 'Accra', ...)
ignored_wrapper_args = (False, {'connection': <DatabaseWrapper vendor='sqlite' alias='default'>, 'cursor': <django.db.backends.utils.CursorWrapper object at 0x000002B4FEC68890>})

    def _execute(self, sql, params, *ignored_wrapper_args):
        # Raise a warning during app initialization (stored_app_configs is only
        # ever set during testing).
        if not apps.ready and not apps.stored_app_configs:
            warnings.warn(self.APPS_NOT_READY_WARNING_MSG, category=RuntimeWarning)
        self.db.validate_no_broken_transaction()
        with self.db.wrap_database_errors:
            if params is None:
                # params default might be backend specific.
                return self.cursor.execute(sql)
            else:
>               return self.cursor.execute(sql, params)
                       ^^^^^^^^^^^^^^^^^^^^^^^^^^^^^^^^

C:\Users\odame\AppData\Roaming\Python\Python314\site-packages\django\db\backends\utils.py:105: 
_ _ _ _ _ _ _ _ _ _ _ _ _ _ _ _ _ _ _ _ _ _ _ _ _ _ _ _ _ _ _ _ _ _ _ _ _ _ _ _

self = <django.db.backends.sqlite3.base.SQLiteCursorWrapper object at 0x000002B4FEAA6670>
query = 'INSERT INTO "laundries_laundry" ("id", "name", "description", "image", "address", "city", "latitude", "longitude", "p...owner_id", "created_at", "updated_at") VALUES (?, ?, ?, ?, ?, ?, ?, ?, ?, ?, ?, ?, ?, ?, ?, ?, ?, ?, ?, ?, ?, ?, ?, ?)'
params = ('1a1c5d15296c4656af25e2d249389058', 'Store 1', '', '', 'Addr', 'Accra', ...)

    def execute(self, query, params=None):
        if params is None:
            return super().execute(query)
        # Extract names if params is a mapping, i.e. "pyformat" style is used.
        param_names = list(params) if isinstance(params, Mapping) else None
        query = self.convert_query(query, param_names=param_names)
>       return super().execute(query, params)
               ^^^^^^^^^^^^^^^^^^^^^^^^^^^^^^
E       sqlite3.IntegrityError: NOT NULL constraint failed: laundries_laundry.latitude

C:\Users\odame\AppData\Roaming\Python\Python314\site-packages\django\db\backends\sqlite3\base.py:359: IntegrityError

The above exception was the direct cause of the following exception:

self = <tests.test_dashboard.DashboardTests testMethod=test_customer_cannot_access_stats>

    def setUp(self):
        self.owner = User.objects.create_user(email="owner@example.com", phone="233111111111", password="password", role='OWNER')
        self.customer = User.objects.create_user(email="cust@example.com", phone="233222222222", password="password", role='CUSTOMER')
>       self.laundry = Laundry.objects.create(name="Store 1", owner=self.owner, address="Addr")
                       ^^^^^^^^^^^^^^^^^^^^^^^^^^^^^^^^^^^^^^^^^^^^^^^^^^^^^^^^^^^^^^^^^^^^^^^^

laundries\tests\test_dashboard.py:22: 
_ _ _ _ _ _ _ _ _ _ _ _ _ _ _ _ _ _ _ _ _ _ _ _ _ _ _ _ _ _ _ _ _ _ _ _ _ _ _ _
C:\Users\odame\AppData\Roaming\Python\Python314\site-packages\django\db\models\manager.py:87: in manager_method
    return getattr(self.get_queryset(), name)(*args, **kwargs)
           ^^^^^^^^^^^^^^^^^^^^^^^^^^^^^^^^^^^^^^^^^^^^^^^^^^^
C:\Users\odame\AppData\Roaming\Python\Python314\site-packages\django\db\models\query.py:669: in create
    obj.save(force_insert=True, using=self.db)
laundries\models\laundry.py:116: in save
    super().save(*args, **kwargs)
C:\Users\odame\AppData\Roaming\Python\Python314\site-packages\django\db\models\base.py:874: in save
    self.save_base(
C:\Users\odame\AppData\Roaming\Python\Python314\site-packages\django\db\models\base.py:966: in save_base
    updated = self._save_table(
C:\Users\odame\AppData\Roaming\Python\Python314\site-packages\django\db\models\base.py:1169: in _save_table
    results = self._do_insert(
C:\Users\odame\AppData\Roaming\Python\Python314\site-packages\django\db\models\base.py:1220: in _do_insert
    return manager._insert(
C:\Users\odame\AppData\Roaming\Python\Python314\site-packages\django\db\models\manager.py:87: in manager_method
    return getattr(self.get_queryset(), name)(*args, **kwargs)
           ^^^^^^^^^^^^^^^^^^^^^^^^^^^^^^^^^^^^^^^^^^^^^^^^^^^
C:\Users\odame\AppData\Roaming\Python\Python314\site-packages\django\db\models\query.py:1918: in _insert
    return query.get_compiler(using=using).execute_sql(returning_fields)
           ^^^^^^^^^^^^^^^^^^^^^^^^^^^^^^^^^^^^^^^^^^^^^^^^^^^^^^^^^^^^^
C:\Users\odame\AppData\Roaming\Python\Python314\site-packages\django\db\models\sql\compiler.py:1925: in execute_sql
    cursor.execute(sql, params)
C:\Users\odame\AppData\Roaming\Python\Python314\site-packages\django\db\backends\utils.py:79: in execute
    return self._execute_with_wrappers(
C:\Users\odame\AppData\Roaming\Python\Python314\site-packages\django\db\backends\utils.py:92: in _execute_with_wrappers
    return executor(sql, params, many, context)
           ^^^^^^^^^^^^^^^^^^^^^^^^^^^^^^^^^^^^
C:\Users\odame\AppData\Roaming\Python\Python314\site-packages\django\db\backends\utils.py:100: in _execute
    with self.db.wrap_database_errors:
         ^^^^^^^^^^^^^^^^^^^^^^^^^^^^
C:\Users\odame\AppData\Roaming\Python\Python314\site-packages\django\db\utils.py:94: in __exit__
    raise dj_exc_value.with_traceback(traceback) from exc_value
C:\Users\odame\AppData\Roaming\Python\Python314\site-packages\django\db\backends\utils.py:105: in _execute
    return self.cursor.execute(sql, params)
           ^^^^^^^^^^^^^^^^^^^^^^^^^^^^^^^^
_ _ _ _ _ _ _ _ _ _ _ _ _ _ _ _ _ _ _ _ _ _ _ _ _ _ _ _ _ _ _ _ _ _ _ _ _ _ _ _

self = <django.db.backends.sqlite3.base.SQLiteCursorWrapper object at 0x000002B4FEAA6670>
query = 'INSERT INTO "laundries_laundry" ("id", "name", "description", "image", "address", "city", "latitude", "longitude", "p...owner_id", "created_at", "updated_at") VALUES (?, ?, ?, ?, ?, ?, ?, ?, ?, ?, ?, ?, ?, ?, ?, ?, ?, ?, ?, ?, ?, ?, ?, ?)'
params = ('1a1c5d15296c4656af25e2d249389058', 'Store 1', '', '', 'Addr', 'Accra', ...)

    def execute(self, query, params=None):
        if params is None:
            return super().execute(query)
        # Extract names if params is a mapping, i.e. "pyformat" style is used.
        param_names = list(params) if isinstance(params, Mapping) else None
        query = self.convert_query(query, param_names=param_names)
>       return super().execute(query, params)
               ^^^^^^^^^^^^^^^^^^^^^^^^^^^^^^
E       django.db.utils.IntegrityError: NOT NULL constraint failed: laundries_laundry.latitude

C:\Users\odame\AppData\Roaming\Python\Python314\site-packages\django\db\backends\sqlite3\base.py:359: IntegrityError
__________________ DashboardTests.test_earnings_calculation ___________________

self = <django.db.backends.utils.CursorWrapper object at 0x000002B4FED98710>
sql = 'INSERT INTO "laundries_laundry" ("id", "name", "description", "image", "address", "city", "latitude", "longitude", "p... "updated_at") VALUES (%s, %s, %s, %s, %s, %s, %s, %s, %s, %s, %s, %s, %s, %s, %s, %s, %s, %s, %s, %s, %s, %s, %s, %s)'
params = ('cf29cca47d7f42b6a43b2aa81645f0b4', 'Store 1', '', '', 'Addr', 'Accra', ...)
ignored_wrapper_args = (False, {'connection': <DatabaseWrapper vendor='sqlite' alias='default'>, 'cursor': <django.db.backends.utils.CursorWrapper object at 0x000002B4FED98710>})

    def _execute(self, sql, params, *ignored_wrapper_args):
        # Raise a warning during app initialization (stored_app_configs is only
        # ever set during testing).
        if not apps.ready and not apps.stored_app_configs:
            warnings.warn(self.APPS_NOT_READY_WARNING_MSG, category=RuntimeWarning)
        self.db.validate_no_broken_transaction()
        with self.db.wrap_database_errors:
            if params is None:
                # params default might be backend specific.
                return self.cursor.execute(sql)
            else:
>               return self.cursor.execute(sql, params)
                       ^^^^^^^^^^^^^^^^^^^^^^^^^^^^^^^^

C:\Users\odame\AppData\Roaming\Python\Python314\site-packages\django\db\backends\utils.py:105: 
_ _ _ _ _ _ _ _ _ _ _ _ _ _ _ _ _ _ _ _ _ _ _ _ _ _ _ _ _ _ _ _ _ _ _ _ _ _ _ _

self = <django.db.backends.sqlite3.base.SQLiteCursorWrapper object at 0x000002B4FECD9E50>
query = 'INSERT INTO "laundries_laundry" ("id", "name", "description", "image", "address", "city", "latitude", "longitude", "p...owner_id", "created_at", "updated_at") VALUES (?, ?, ?, ?, ?, ?, ?, ?, ?, ?, ?, ?, ?, ?, ?, ?, ?, ?, ?, ?, ?, ?, ?, ?)'
params = ('cf29cca47d7f42b6a43b2aa81645f0b4', 'Store 1', '', '', 'Addr', 'Accra', ...)

    def execute(self, query, params=None):
        if params is None:
            return super().execute(query)
        # Extract names if params is a mapping, i.e. "pyformat" style is used.
        param_names = list(params) if isinstance(params, Mapping) else None
        query = self.convert_query(query, param_names=param_names)
>       return super().execute(query, params)
               ^^^^^^^^^^^^^^^^^^^^^^^^^^^^^^
E       sqlite3.IntegrityError: NOT NULL constraint failed: laundries_laundry.latitude

C:\Users\odame\AppData\Roaming\Python\Python314\site-packages\django\db\backends\sqlite3\base.py:359: IntegrityError

The above exception was the direct cause of the following exception:

self = <tests.test_dashboard.DashboardTests testMethod=test_earnings_calculation>

    def setUp(self):
        self.owner = User.objects.create_user(email="owner@example.com", phone="233111111111", password="password", role='OWNER')
        self.customer = User.objects.create_user(email="cust@example.com", phone="233222222222", password="password", role='CUSTOMER')
>       self.laundry = Laundry.objects.create(name="Store 1", owner=self.owner, address="Addr")
                       ^^^^^^^^^^^^^^^^^^^^^^^^^^^^^^^^^^^^^^^^^^^^^^^^^^^^^^^^^^^^^^^^^^^^^^^^

laundries\tests\test_dashboard.py:22: 
_ _ _ _ _ _ _ _ _ _ _ _ _ _ _ _ _ _ _ _ _ _ _ _ _ _ _ _ _ _ _ _ _ _ _ _ _ _ _ _
C:\Users\odame\AppData\Roaming\Python\Python314\site-packages\django\db\models\manager.py:87: in manager_method
    return getattr(self.get_queryset(), name)(*args, **kwargs)
           ^^^^^^^^^^^^^^^^^^^^^^^^^^^^^^^^^^^^^^^^^^^^^^^^^^^
C:\Users\odame\AppData\Roaming\Python\Python314\site-packages\django\db\models\query.py:669: in create
    obj.save(force_insert=True, using=self.db)
laundries\models\laundry.py:116: in save
    super().save(*args, **kwargs)
C:\Users\odame\AppData\Roaming\Python\Python314\site-packages\django\db\models\base.py:874: in save
    self.save_base(
C:\Users\odame\AppData\Roaming\Python\Python314\site-packages\django\db\models\base.py:966: in save_base
    updated = self._save_table(
C:\Users\odame\AppData\Roaming\Python\Python314\site-packages\django\db\models\base.py:1169: in _save_table
    results = self._do_insert(
C:\Users\odame\AppData\Roaming\Python\Python314\site-packages\django\db\models\base.py:1220: in _do_insert
    return manager._insert(
C:\Users\odame\AppData\Roaming\Python\Python314\site-packages\django\db\models\manager.py:87: in manager_method
    return getattr(self.get_queryset(), name)(*args, **kwargs)
           ^^^^^^^^^^^^^^^^^^^^^^^^^^^^^^^^^^^^^^^^^^^^^^^^^^^
C:\Users\odame\AppData\Roaming\Python\Python314\site-packages\django\db\models\query.py:1918: in _insert
    return query.get_compiler(using=using).execute_sql(returning_fields)
           ^^^^^^^^^^^^^^^^^^^^^^^^^^^^^^^^^^^^^^^^^^^^^^^^^^^^^^^^^^^^^
C:\Users\odame\AppData\Roaming\Python\Python314\site-packages\django\db\models\sql\compiler.py:1925: in execute_sql
    cursor.execute(sql, params)
C:\Users\odame\AppData\Roaming\Python\Python314\site-packages\django\db\backends\utils.py:79: in execute
    return self._execute_with_wrappers(
C:\Users\odame\AppData\Roaming\Python\Python314\site-packages\django\db\backends\utils.py:92: in _execute_with_wrappers
    return executor(sql, params, many, context)
           ^^^^^^^^^^^^^^^^^^^^^^^^^^^^^^^^^^^^
C:\Users\odame\AppData\Roaming\Python\Python314\site-packages\django\db\backends\utils.py:100: in _execute
    with self.db.wrap_database_errors:
         ^^^^^^^^^^^^^^^^^^^^^^^^^^^^
C:\Users\odame\AppData\Roaming\Python\Python314\site-packages\django\db\utils.py:94: in __exit__
    raise dj_exc_value.with_traceback(traceback) from exc_value
C:\Users\odame\AppData\Roaming\Python\Python314\site-packages\django\db\backends\utils.py:105: in _execute
    return self.cursor.execute(sql, params)
           ^^^^^^^^^^^^^^^^^^^^^^^^^^^^^^^^
_ _ _ _ _ _ _ _ _ _ _ _ _ _ _ _ _ _ _ _ _ _ _ _ _ _ _ _ _ _ _ _ _ _ _ _ _ _ _ _

self = <django.db.backends.sqlite3.base.SQLiteCursorWrapper object at 0x000002B4FECD9E50>
query = 'INSERT INTO "laundries_laundry" ("id", "name", "description", "image", "address", "city", "latitude", "longitude", "p...owner_id", "created_at", "updated_at") VALUES (?, ?, ?, ?, ?, ?, ?, ?, ?, ?, ?, ?, ?, ?, ?, ?, ?, ?, ?, ?, ?, ?, ?, ?)'
params = ('cf29cca47d7f42b6a43b2aa81645f0b4', 'Store 1', '', '', 'Addr', 'Accra', ...)

    def execute(self, query, params=None):
        if params is None:
            return super().execute(query)
        # Extract names if params is a mapping, i.e. "pyformat" style is used.
        param_names = list(params) if isinstance(params, Mapping) else None
        query = self.convert_query(query, param_names=param_names)
>       return super().execute(query, params)
               ^^^^^^^^^^^^^^^^^^^^^^^^^^^^^^
E       django.db.utils.IntegrityError: NOT NULL constraint failed: laundries_laundry.latitude

C:\Users\odame\AppData\Roaming\Python\Python314\site-packages\django\db\backends\sqlite3\base.py:359: IntegrityError
_________________ DashboardTests.test_owner_can_access_stats __________________

self = <django.db.backends.utils.CursorWrapper object at 0x000002B4FED01310>
sql = 'INSERT INTO "laundries_laundry" ("id", "name", "description", "image", "address", "city", "latitude", "longitude", "p... "updated_at") VALUES (%s, %s, %s, %s, %s, %s, %s, %s, %s, %s, %s, %s, %s, %s, %s, %s, %s, %s, %s, %s, %s, %s, %s, %s)'
params = ('b4461ac65a6c4c3dbd76528e0a8e0e07', 'Store 1', '', '', 'Addr', 'Accra', ...)
ignored_wrapper_args = (False, {'connection': <DatabaseWrapper vendor='sqlite' alias='default'>, 'cursor': <django.db.backends.utils.CursorWrapper object at 0x000002B4FED01310>})

    def _execute(self, sql, params, *ignored_wrapper_args):
        # Raise a warning during app initialization (stored_app_configs is only
        # ever set during testing).
        if not apps.ready and not apps.stored_app_configs:
            warnings.warn(self.APPS_NOT_READY_WARNING_MSG, category=RuntimeWarning)
        self.db.validate_no_broken_transaction()
        with self.db.wrap_database_errors:
            if params is None:
                # params default might be backend specific.
                return self.cursor.execute(sql)
            else:
>               return self.cursor.execute(sql, params)
                       ^^^^^^^^^^^^^^^^^^^^^^^^^^^^^^^^

C:\Users\odame\AppData\Roaming\Python\Python314\site-packages\django\db\backends\utils.py:105: 
_ _ _ _ _ _ _ _ _ _ _ _ _ _ _ _ _ _ _ _ _ _ _ _ _ _ _ _ _ _ _ _ _ _ _ _ _ _ _ _

self = <django.db.backends.sqlite3.base.SQLiteCursorWrapper object at 0x000002B4FEAA4190>
query = 'INSERT INTO "laundries_laundry" ("id", "name", "description", "image", "address", "city", "latitude", "longitude", "p...owner_id", "created_at", "updated_at") VALUES (?, ?, ?, ?, ?, ?, ?, ?, ?, ?, ?, ?, ?, ?, ?, ?, ?, ?, ?, ?, ?, ?, ?, ?)'
params = ('b4461ac65a6c4c3dbd76528e0a8e0e07', 'Store 1', '', '', 'Addr', 'Accra', ...)

    def execute(self, query, params=None):
        if params is None:
            return super().execute(query)
        # Extract names if params is a mapping, i.e. "pyformat" style is used.
        param_names = list(params) if isinstance(params, Mapping) else None
        query = self.convert_query(query, param_names=param_names)
>       return super().execute(query, params)
               ^^^^^^^^^^^^^^^^^^^^^^^^^^^^^^
E       sqlite3.IntegrityError: NOT NULL constraint failed: laundries_laundry.latitude

C:\Users\odame\AppData\Roaming\Python\Python314\site-packages\django\db\backends\sqlite3\base.py:359: IntegrityError

The above exception was the direct cause of the following exception:

self = <tests.test_dashboard.DashboardTests testMethod=test_owner_can_access_stats>

    def setUp(self):
        self.owner = User.objects.create_user(email="owner@example.com", phone="233111111111", password="password", role='OWNER')
        self.customer = User.objects.create_user(email="cust@example.com", phone="233222222222", password="password", role='CUSTOMER')
>       self.laundry = Laundry.objects.create(name="Store 1", owner=self.owner, address="Addr")
                       ^^^^^^^^^^^^^^^^^^^^^^^^^^^^^^^^^^^^^^^^^^^^^^^^^^^^^^^^^^^^^^^^^^^^^^^^

laundries\tests\test_dashboard.py:22: 
_ _ _ _ _ _ _ _ _ _ _ _ _ _ _ _ _ _ _ _ _ _ _ _ _ _ _ _ _ _ _ _ _ _ _ _ _ _ _ _
C:\Users\odame\AppData\Roaming\Python\Python314\site-packages\django\db\models\manager.py:87: in manager_method
    return getattr(self.get_queryset(), name)(*args, **kwargs)
           ^^^^^^^^^^^^^^^^^^^^^^^^^^^^^^^^^^^^^^^^^^^^^^^^^^^
C:\Users\odame\AppData\Roaming\Python\Python314\site-packages\django\db\models\query.py:669: in create
    obj.save(force_insert=True, using=self.db)
laundries\models\laundry.py:116: in save
    super().save(*args, **kwargs)
C:\Users\odame\AppData\Roaming\Python\Python314\site-packages\django\db\models\base.py:874: in save
    self.save_base(
C:\Users\odame\AppData\Roaming\Python\Python314\site-packages\django\db\models\base.py:966: in save_base
    updated = self._save_table(
C:\Users\odame\AppData\Roaming\Python\Python314\site-packages\django\db\models\base.py:1169: in _save_table
    results = self._do_insert(
C:\Users\odame\AppData\Roaming\Python\Python314\site-packages\django\db\models\base.py:1220: in _do_insert
    return manager._insert(
C:\Users\odame\AppData\Roaming\Python\Python314\site-packages\django\db\models\manager.py:87: in manager_method
    return getattr(self.get_queryset(), name)(*args, **kwargs)
           ^^^^^^^^^^^^^^^^^^^^^^^^^^^^^^^^^^^^^^^^^^^^^^^^^^^
C:\Users\odame\AppData\Roaming\Python\Python314\site-packages\django\db\models\query.py:1918: in _insert
    return query.get_compiler(using=using).execute_sql(returning_fields)
           ^^^^^^^^^^^^^^^^^^^^^^^^^^^^^^^^^^^^^^^^^^^^^^^^^^^^^^^^^^^^^
C:\Users\odame\AppData\Roaming\Python\Python314\site-packages\django\db\models\sql\compiler.py:1925: in execute_sql
    cursor.execute(sql, params)
C:\Users\odame\AppData\Roaming\Python\Python314\site-packages\django\db\backends\utils.py:79: in execute
    return self._execute_with_wrappers(
C:\Users\odame\AppData\Roaming\Python\Python314\site-packages\django\db\backends\utils.py:92: in _execute_with_wrappers
    return executor(sql, params, many, context)
           ^^^^^^^^^^^^^^^^^^^^^^^^^^^^^^^^^^^^
C:\Users\odame\AppData\Roaming\Python\Python314\site-packages\django\db\backends\utils.py:100: in _execute
    with self.db.wrap_database_errors:
         ^^^^^^^^^^^^^^^^^^^^^^^^^^^^
C:\Users\odame\AppData\Roaming\Python\Python314\site-packages\django\db\utils.py:94: in __exit__
    raise dj_exc_value.with_traceback(traceback) from exc_value
C:\Users\odame\AppData\Roaming\Python\Python314\site-packages\django\db\backends\utils.py:105: in _execute
    return self.cursor.execute(sql, params)
           ^^^^^^^^^^^^^^^^^^^^^^^^^^^^^^^^
_ _ _ _ _ _ _ _ _ _ _ _ _ _ _ _ _ _ _ _ _ _ _ _ _ _ _ _ _ _ _ _ _ _ _ _ _ _ _ _

self = <django.db.backends.sqlite3.base.SQLiteCursorWrapper object at 0x000002B4FEAA4190>
query = 'INSERT INTO "laundries_laundry" ("id", "name", "description", "image", "address", "city", "latitude", "longitude", "p...owner_id", "created_at", "updated_at") VALUES (?, ?, ?, ?, ?, ?, ?, ?, ?, ?, ?, ?, ?, ?, ?, ?, ?, ?, ?, ?, ?, ?, ?, ?)'
params = ('b4461ac65a6c4c3dbd76528e0a8e0e07', 'Store 1', '', '', 'Addr', 'Accra', ...)

    def execute(self, query, params=None):
        if params is None:
            return super().execute(query)
        # Extract names if params is a mapping, i.e. "pyformat" style is used.
        param_names = list(params) if isinstance(params, Mapping) else None
        query = self.convert_query(query, param_names=param_names)
>       return super().execute(query, params)
               ^^^^^^^^^^^^^^^^^^^^^^^^^^^^^^
E       django.db.utils.IntegrityError: NOT NULL constraint failed: laundries_laundry.latitude

C:\Users\odame\AppData\Roaming\Python\Python314\site-packages\django\db\backends\sqlite3\base.py:359: IntegrityError
____________________ NotificationTests.test_mark_all_read _____________________

self = <django.db.backends.utils.CursorWrapper object at 0x000002B4FEA08170>
sql = 'INSERT INTO "laundries_laundry" ("id", "name", "description", "image", "address", "city", "latitude", "longitude", "p... "updated_at") VALUES (%s, %s, %s, %s, %s, %s, %s, %s, %s, %s, %s, %s, %s, %s, %s, %s, %s, %s, %s, %s, %s, %s, %s, %s)'
params = ('0401d157dd9c4bb9af03cfb9e0c268e7', 'Test Laundry', '', '', 'Test Address', 'Accra', ...)
ignored_wrapper_args = (False, {'connection': <DatabaseWrapper vendor='sqlite' alias='default'>, 'cursor': <django.db.backends.utils.CursorWrapper object at 0x000002B4FEA08170>})

    def _execute(self, sql, params, *ignored_wrapper_args):
        # Raise a warning during app initialization (stored_app_configs is only
        # ever set during testing).
        if not apps.ready and not apps.stored_app_configs:
            warnings.warn(self.APPS_NOT_READY_WARNING_MSG, category=RuntimeWarning)
        self.db.validate_no_broken_transaction()
        with self.db.wrap_database_errors:
            if params is None:
                # params default might be backend specific.
                return self.cursor.execute(sql)
            else:
>               return self.cursor.execute(sql, params)
                       ^^^^^^^^^^^^^^^^^^^^^^^^^^^^^^^^

C:\Users\odame\AppData\Roaming\Python\Python314\site-packages\django\db\backends\utils.py:105: 
_ _ _ _ _ _ _ _ _ _ _ _ _ _ _ _ _ _ _ _ _ _ _ _ _ _ _ _ _ _ _ _ _ _ _ _ _ _ _ _

self = <django.db.backends.sqlite3.base.SQLiteCursorWrapper object at 0x000002B4FE73B2F0>
query = 'INSERT INTO "laundries_laundry" ("id", "name", "description", "image", "address", "city", "latitude", "longitude", "p...owner_id", "created_at", "updated_at") VALUES (?, ?, ?, ?, ?, ?, ?, ?, ?, ?, ?, ?, ?, ?, ?, ?, ?, ?, ?, ?, ?, ?, ?, ?)'
params = ('0401d157dd9c4bb9af03cfb9e0c268e7', 'Test Laundry', '', '', 'Test Address', 'Accra', ...)

    def execute(self, query, params=None):
        if params is None:
            return super().execute(query)
        # Extract names if params is a mapping, i.e. "pyformat" style is used.
        param_names = list(params) if isinstance(params, Mapping) else None
        query = self.convert_query(query, param_names=param_names)
>       return super().execute(query, params)
               ^^^^^^^^^^^^^^^^^^^^^^^^^^^^^^
E       sqlite3.IntegrityError: NOT NULL constraint failed: laundries_laundry.latitude

C:\Users\odame\AppData\Roaming\Python\Python314\site-packages\django\db\backends\sqlite3\base.py:359: IntegrityError

The above exception was the direct cause of the following exception:

self = <marketplace.tests.test_notifications.NotificationTests testMethod=test_mark_all_read>

    def setUp(self):
        self.user = User.objects.create_user(email="test@example.com", phone="233333333333", password="password", role='CUSTOMER')
        self.owner = User.objects.create_user(email="owner@example.com", phone="233444444444", password="password", role='OWNER')
>       self.laundry = Laundry.objects.create(name="Test Laundry", owner=self.owner, address="Test Address")
                       ^^^^^^^^^^^^^^^^^^^^^^^^^^^^^^^^^^^^^^^^^^^^^^^^^^^^^^^^^^^^^^^^^^^^^^^^^^^^^^^^^^^^^

marketplace\tests\test_notifications.py:25: 
_ _ _ _ _ _ _ _ _ _ _ _ _ _ _ _ _ _ _ _ _ _ _ _ _ _ _ _ _ _ _ _ _ _ _ _ _ _ _ _
C:\Users\odame\AppData\Roaming\Python\Python314\site-packages\django\db\models\manager.py:87: in manager_method
    return getattr(self.get_queryset(), name)(*args, **kwargs)
           ^^^^^^^^^^^^^^^^^^^^^^^^^^^^^^^^^^^^^^^^^^^^^^^^^^^
C:\Users\odame\AppData\Roaming\Python\Python314\site-packages\django\db\models\query.py:669: in create
    obj.save(force_insert=True, using=self.db)
laundries\models\laundry.py:116: in save
    super().save(*args, **kwargs)
C:\Users\odame\AppData\Roaming\Python\Python314\site-packages\django\db\models\base.py:874: in save
    self.save_base(
C:\Users\odame\AppData\Roaming\Python\Python314\site-packages\django\db\models\base.py:966: in save_base
    updated = self._save_table(
C:\Users\odame\AppData\Roaming\Python\Python314\site-packages\django\db\models\base.py:1169: in _save_table
    results = self._do_insert(
C:\Users\odame\AppData\Roaming\Python\Python314\site-packages\django\db\models\base.py:1220: in _do_insert
    return manager._insert(
C:\Users\odame\AppData\Roaming\Python\Python314\site-packages\django\db\models\manager.py:87: in manager_method
    return getattr(self.get_queryset(), name)(*args, **kwargs)
           ^^^^^^^^^^^^^^^^^^^^^^^^^^^^^^^^^^^^^^^^^^^^^^^^^^^
C:\Users\odame\AppData\Roaming\Python\Python314\site-packages\django\db\models\query.py:1918: in _insert
    return query.get_compiler(using=using).execute_sql(returning_fields)
           ^^^^^^^^^^^^^^^^^^^^^^^^^^^^^^^^^^^^^^^^^^^^^^^^^^^^^^^^^^^^^
C:\Users\odame\AppData\Roaming\Python\Python314\site-packages\django\db\models\sql\compiler.py:1925: in execute_sql
    cursor.execute(sql, params)
C:\Users\odame\AppData\Roaming\Python\Python314\site-packages\django\db\backends\utils.py:79: in execute
    return self._execute_with_wrappers(
C:\Users\odame\AppData\Roaming\Python\Python314\site-packages\django\db\backends\utils.py:92: in _execute_with_wrappers
    return executor(sql, params, many, context)
           ^^^^^^^^^^^^^^^^^^^^^^^^^^^^^^^^^^^^
C:\Users\odame\AppData\Roaming\Python\Python314\site-packages\django\db\backends\utils.py:100: in _execute
    with self.db.wrap_database_errors:
         ^^^^^^^^^^^^^^^^^^^^^^^^^^^^
C:\Users\odame\AppData\Roaming\Python\Python314\site-packages\django\db\utils.py:94: in __exit__
    raise dj_exc_value.with_traceback(traceback) from exc_value
C:\Users\odame\AppData\Roaming\Python\Python314\site-packages\django\db\backends\utils.py:105: in _execute
    return self.cursor.execute(sql, params)
           ^^^^^^^^^^^^^^^^^^^^^^^^^^^^^^^^
_ _ _ _ _ _ _ _ _ _ _ _ _ _ _ _ _ _ _ _ _ _ _ _ _ _ _ _ _ _ _ _ _ _ _ _ _ _ _ _

self = <django.db.backends.sqlite3.base.SQLiteCursorWrapper object at 0x000002B4FE73B2F0>
query = 'INSERT INTO "laundries_laundry" ("id", "name", "description", "image", "address", "city", "latitude", "longitude", "p...owner_id", "created_at", "updated_at") VALUES (?, ?, ?, ?, ?, ?, ?, ?, ?, ?, ?, ?, ?, ?, ?, ?, ?, ?, ?, ?, ?, ?, ?, ?)'
params = ('0401d157dd9c4bb9af03cfb9e0c268e7', 'Test Laundry', '', '', 'Test Address', 'Accra', ...)

    def execute(self, query, params=None):
        if params is None:
            return super().execute(query)
        # Extract names if params is a mapping, i.e. "pyformat" style is used.
        param_names = list(params) if isinstance(params, Mapping) else None
        query = self.convert_query(query, param_names=param_names)
>       return super().execute(query, params)
               ^^^^^^^^^^^^^^^^^^^^^^^^^^^^^^
E       django.db.utils.IntegrityError: NOT NULL constraint failed: laundries_laundry.latitude

C:\Users\odame\AppData\Roaming\Python\Python314\site-packages\django\db\backends\sqlite3\base.py:359: IntegrityError
_____________________ NotificationTests.test_mark_as_read _____________________

self = <django.db.backends.utils.CursorWrapper object at 0x000002B4FEA0BB30>
sql = 'INSERT INTO "laundries_laundry" ("id", "name", "description", "image", "address", "city", "latitude", "longitude", "p... "updated_at") VALUES (%s, %s, %s, %s, %s, %s, %s, %s, %s, %s, %s, %s, %s, %s, %s, %s, %s, %s, %s, %s, %s, %s, %s, %s)'
params = ('ddff86c17b094af5b94cc0260b937fb6', 'Test Laundry', '', '', 'Test Address', 'Accra', ...)
ignored_wrapper_args = (False, {'connection': <DatabaseWrapper vendor='sqlite' alias='default'>, 'cursor': <django.db.backends.utils.CursorWrapper object at 0x000002B4FEA0BB30>})

    def _execute(self, sql, params, *ignored_wrapper_args):
        # Raise a warning during app initialization (stored_app_configs is only
        # ever set during testing).
        if not apps.ready and not apps.stored_app_configs:
            warnings.warn(self.APPS_NOT_READY_WARNING_MSG, category=RuntimeWarning)
        self.db.validate_no_broken_transaction()
        with self.db.wrap_database_errors:
            if params is None:
                # params default might be backend specific.
                return self.cursor.execute(sql)
            else:
>               return self.cursor.execute(sql, params)
                       ^^^^^^^^^^^^^^^^^^^^^^^^^^^^^^^^

C:\Users\odame\AppData\Roaming\Python\Python314\site-packages\django\db\backends\utils.py:105: 
_ _ _ _ _ _ _ _ _ _ _ _ _ _ _ _ _ _ _ _ _ _ _ _ _ _ _ _ _ _ _ _ _ _ _ _ _ _ _ _

self = <django.db.backends.sqlite3.base.SQLiteCursorWrapper object at 0x000002B4FCC92350>
query = 'INSERT INTO "laundries_laundry" ("id", "name", "description", "image", "address", "city", "latitude", "longitude", "p...owner_id", "created_at", "updated_at") VALUES (?, ?, ?, ?, ?, ?, ?, ?, ?, ?, ?, ?, ?, ?, ?, ?, ?, ?, ?, ?, ?, ?, ?, ?)'
params = ('ddff86c17b094af5b94cc0260b937fb6', 'Test Laundry', '', '', 'Test Address', 'Accra', ...)

    def execute(self, query, params=None):
        if params is None:
            return super().execute(query)
        # Extract names if params is a mapping, i.e. "pyformat" style is used.
        param_names = list(params) if isinstance(params, Mapping) else None
        query = self.convert_query(query, param_names=param_names)
>       return super().execute(query, params)
               ^^^^^^^^^^^^^^^^^^^^^^^^^^^^^^
E       sqlite3.IntegrityError: NOT NULL constraint failed: laundries_laundry.latitude

C:\Users\odame\AppData\Roaming\Python\Python314\site-packages\django\db\backends\sqlite3\base.py:359: IntegrityError

The above exception was the direct cause of the following exception:

self = <marketplace.tests.test_notifications.NotificationTests testMethod=test_mark_as_read>

    def setUp(self):
        self.user = User.objects.create_user(email="test@example.com", phone="233333333333", password="password", role='CUSTOMER')
        self.owner = User.objects.create_user(email="owner@example.com", phone="233444444444", password="password", role='OWNER')
>       self.laundry = Laundry.objects.create(name="Test Laundry", owner=self.owner, address="Test Address")
                       ^^^^^^^^^^^^^^^^^^^^^^^^^^^^^^^^^^^^^^^^^^^^^^^^^^^^^^^^^^^^^^^^^^^^^^^^^^^^^^^^^^^^^

marketplace\tests\test_notifications.py:25: 
_ _ _ _ _ _ _ _ _ _ _ _ _ _ _ _ _ _ _ _ _ _ _ _ _ _ _ _ _ _ _ _ _ _ _ _ _ _ _ _
C:\Users\odame\AppData\Roaming\Python\Python314\site-packages\django\db\models\manager.py:87: in manager_method
    return getattr(self.get_queryset(), name)(*args, **kwargs)
           ^^^^^^^^^^^^^^^^^^^^^^^^^^^^^^^^^^^^^^^^^^^^^^^^^^^
C:\Users\odame\AppData\Roaming\Python\Python314\site-packages\django\db\models\query.py:669: in create
    obj.save(force_insert=True, using=self.db)
laundries\models\laundry.py:116: in save
    super().save(*args, **kwargs)
C:\Users\odame\AppData\Roaming\Python\Python314\site-packages\django\db\models\base.py:874: in save
    self.save_base(
C:\Users\odame\AppData\Roaming\Python\Python314\site-packages\django\db\models\base.py:966: in save_base
    updated = self._save_table(
C:\Users\odame\AppData\Roaming\Python\Python314\site-packages\django\db\models\base.py:1169: in _save_table
    results = self._do_insert(
C:\Users\odame\AppData\Roaming\Python\Python314\site-packages\django\db\models\base.py:1220: in _do_insert
    return manager._insert(
C:\Users\odame\AppData\Roaming\Python\Python314\site-packages\django\db\models\manager.py:87: in manager_method
    return getattr(self.get_queryset(), name)(*args, **kwargs)
           ^^^^^^^^^^^^^^^^^^^^^^^^^^^^^^^^^^^^^^^^^^^^^^^^^^^
C:\Users\odame\AppData\Roaming\Python\Python314\site-packages\django\db\models\query.py:1918: in _insert
    return query.get_compiler(using=using).execute_sql(returning_fields)
           ^^^^^^^^^^^^^^^^^^^^^^^^^^^^^^^^^^^^^^^^^^^^^^^^^^^^^^^^^^^^^
C:\Users\odame\AppData\Roaming\Python\Python314\site-packages\django\db\models\sql\compiler.py:1925: in execute_sql
    cursor.execute(sql, params)
C:\Users\odame\AppData\Roaming\Python\Python314\site-packages\django\db\backends\utils.py:79: in execute
    return self._execute_with_wrappers(
C:\Users\odame\AppData\Roaming\Python\Python314\site-packages\django\db\backends\utils.py:92: in _execute_with_wrappers
    return executor(sql, params, many, context)
           ^^^^^^^^^^^^^^^^^^^^^^^^^^^^^^^^^^^^
C:\Users\odame\AppData\Roaming\Python\Python314\site-packages\django\db\backends\utils.py:100: in _execute
    with self.db.wrap_database_errors:
         ^^^^^^^^^^^^^^^^^^^^^^^^^^^^
C:\Users\odame\AppData\Roaming\Python\Python314\site-packages\django\db\utils.py:94: in __exit__
    raise dj_exc_value.with_traceback(traceback) from exc_value
C:\Users\odame\AppData\Roaming\Python\Python314\site-packages\django\db\backends\utils.py:105: in _execute
    return self.cursor.execute(sql, params)
           ^^^^^^^^^^^^^^^^^^^^^^^^^^^^^^^^
_ _ _ _ _ _ _ _ _ _ _ _ _ _ _ _ _ _ _ _ _ _ _ _ _ _ _ _ _ _ _ _ _ _ _ _ _ _ _ _

self = <django.db.backends.sqlite3.base.SQLiteCursorWrapper object at 0x000002B4FCC92350>
query = 'INSERT INTO "laundries_laundry" ("id", "name", "description", "image", "address", "city", "latitude", "longitude", "p...owner_id", "created_at", "updated_at") VALUES (?, ?, ?, ?, ?, ?, ?, ?, ?, ?, ?, ?, ?, ?, ?, ?, ?, ?, ?, ?, ?, ?, ?, ?)'
params = ('ddff86c17b094af5b94cc0260b937fb6', 'Test Laundry', '', '', 'Test Address', 'Accra', ...)

    def execute(self, query, params=None):
        if params is None:
            return super().execute(query)
        # Extract names if params is a mapping, i.e. "pyformat" style is used.
        param_names = list(params) if isinstance(params, Mapping) else None
        query = self.convert_query(query, param_names=param_names)
>       return super().execute(query, params)
               ^^^^^^^^^^^^^^^^^^^^^^^^^^^^^^
E       django.db.utils.IntegrityError: NOT NULL constraint failed: laundries_laundry.latitude

C:\Users\odame\AppData\Roaming\Python\Python314\site-packages\django\db\backends\sqlite3\base.py:359: IntegrityError
______ NotificationTests.test_order_creation_triggers_owner_notification ______

self = <django.db.backends.utils.CursorWrapper object at 0x000002B4FE99FB90>
sql = 'INSERT INTO "laundries_laundry" ("id", "name", "description", "image", "address", "city", "latitude", "longitude", "p... "updated_at") VALUES (%s, %s, %s, %s, %s, %s, %s, %s, %s, %s, %s, %s, %s, %s, %s, %s, %s, %s, %s, %s, %s, %s, %s, %s)'
params = ('7233694f21084e0ebeb0c89ef546b00c', 'Test Laundry', '', '', 'Test Address', 'Accra', ...)
ignored_wrapper_args = (False, {'connection': <DatabaseWrapper vendor='sqlite' alias='default'>, 'cursor': <django.db.backends.utils.CursorWrapper object at 0x000002B4FE99FB90>})

    def _execute(self, sql, params, *ignored_wrapper_args):
        # Raise a warning during app initialization (stored_app_configs is only
        # ever set during testing).
        if not apps.ready and not apps.stored_app_configs:
            warnings.warn(self.APPS_NOT_READY_WARNING_MSG, category=RuntimeWarning)
        self.db.validate_no_broken_transaction()
        with self.db.wrap_database_errors:
            if params is None:
                # params default might be backend specific.
                return self.cursor.execute(sql)
            else:
>               return self.cursor.execute(sql, params)
                       ^^^^^^^^^^^^^^^^^^^^^^^^^^^^^^^^

C:\Users\odame\AppData\Roaming\Python\Python314\site-packages\django\db\backends\utils.py:105: 
_ _ _ _ _ _ _ _ _ _ _ _ _ _ _ _ _ _ _ _ _ _ _ _ _ _ _ _ _ _ _ _ _ _ _ _ _ _ _ _

self = <django.db.backends.sqlite3.base.SQLiteCursorWrapper object at 0x000002B4FCC923F0>
query = 'INSERT INTO "laundries_laundry" ("id", "name", "description", "image", "address", "city", "latitude", "longitude", "p...owner_id", "created_at", "updated_at") VALUES (?, ?, ?, ?, ?, ?, ?, ?, ?, ?, ?, ?, ?, ?, ?, ?, ?, ?, ?, ?, ?, ?, ?, ?)'
params = ('7233694f21084e0ebeb0c89ef546b00c', 'Test Laundry', '', '', 'Test Address', 'Accra', ...)

    def execute(self, query, params=None):
        if params is None:
            return super().execute(query)
        # Extract names if params is a mapping, i.e. "pyformat" style is used.
        param_names = list(params) if isinstance(params, Mapping) else None
        query = self.convert_query(query, param_names=param_names)
>       return super().execute(query, params)
               ^^^^^^^^^^^^^^^^^^^^^^^^^^^^^^
E       sqlite3.IntegrityError: NOT NULL constraint failed: laundries_laundry.latitude

C:\Users\odame\AppData\Roaming\Python\Python314\site-packages\django\db\backends\sqlite3\base.py:359: IntegrityError

The above exception was the direct cause of the following exception:

self = <marketplace.tests.test_notifications.NotificationTests testMethod=test_order_creation_triggers_owner_notification>

    def setUp(self):
        self.user = User.objects.create_user(email="test@example.com", phone="233333333333", password="password", role='CUSTOMER')
        self.owner = User.objects.create_user(email="owner@example.com", phone="233444444444", password="password", role='OWNER')
>       self.laundry = Laundry.objects.create(name="Test Laundry", owner=self.owner, address="Test Address")
                       ^^^^^^^^^^^^^^^^^^^^^^^^^^^^^^^^^^^^^^^^^^^^^^^^^^^^^^^^^^^^^^^^^^^^^^^^^^^^^^^^^^^^^

marketplace\tests\test_notifications.py:25: 
_ _ _ _ _ _ _ _ _ _ _ _ _ _ _ _ _ _ _ _ _ _ _ _ _ _ _ _ _ _ _ _ _ _ _ _ _ _ _ _
C:\Users\odame\AppData\Roaming\Python\Python314\site-packages\django\db\models\manager.py:87: in manager_method
    return getattr(self.get_queryset(), name)(*args, **kwargs)
           ^^^^^^^^^^^^^^^^^^^^^^^^^^^^^^^^^^^^^^^^^^^^^^^^^^^
C:\Users\odame\AppData\Roaming\Python\Python314\site-packages\django\db\models\query.py:669: in create
    obj.save(force_insert=True, using=self.db)
laundries\models\laundry.py:116: in save
    super().save(*args, **kwargs)
C:\Users\odame\AppData\Roaming\Python\Python314\site-packages\django\db\models\base.py:874: in save
    self.save_base(
C:\Users\odame\AppData\Roaming\Python\Python314\site-packages\django\db\models\base.py:966: in save_base
    updated = self._save_table(
C:\Users\odame\AppData\Roaming\Python\Python314\site-packages\django\db\models\base.py:1169: in _save_table
    results = self._do_insert(
C:\Users\odame\AppData\Roaming\Python\Python314\site-packages\django\db\models\base.py:1220: in _do_insert
    return manager._insert(
C:\Users\odame\AppData\Roaming\Python\Python314\site-packages\django\db\models\manager.py:87: in manager_method
    return getattr(self.get_queryset(), name)(*args, **kwargs)
           ^^^^^^^^^^^^^^^^^^^^^^^^^^^^^^^^^^^^^^^^^^^^^^^^^^^
C:\Users\odame\AppData\Roaming\Python\Python314\site-packages\django\db\models\query.py:1918: in _insert
    return query.get_compiler(using=using).execute_sql(returning_fields)
           ^^^^^^^^^^^^^^^^^^^^^^^^^^^^^^^^^^^^^^^^^^^^^^^^^^^^^^^^^^^^^
C:\Users\odame\AppData\Roaming\Python\Python314\site-packages\django\db\models\sql\compiler.py:1925: in execute_sql
    cursor.execute(sql, params)
C:\Users\odame\AppData\Roaming\Python\Python314\site-packages\django\db\backends\utils.py:79: in execute
    return self._execute_with_wrappers(
C:\Users\odame\AppData\Roaming\Python\Python314\site-packages\django\db\backends\utils.py:92: in _execute_with_wrappers
    return executor(sql, params, many, context)
           ^^^^^^^^^^^^^^^^^^^^^^^^^^^^^^^^^^^^
C:\Users\odame\AppData\Roaming\Python\Python314\site-packages\django\db\backends\utils.py:100: in _execute
    with self.db.wrap_database_errors:
         ^^^^^^^^^^^^^^^^^^^^^^^^^^^^
C:\Users\odame\AppData\Roaming\Python\Python314\site-packages\django\db\utils.py:94: in __exit__
    raise dj_exc_value.with_traceback(traceback) from exc_value
C:\Users\odame\AppData\Roaming\Python\Python314\site-packages\django\db\backends\utils.py:105: in _execute
    return self.cursor.execute(sql, params)
           ^^^^^^^^^^^^^^^^^^^^^^^^^^^^^^^^
_ _ _ _ _ _ _ _ _ _ _ _ _ _ _ _ _ _ _ _ _ _ _ _ _ _ _ _ _ _ _ _ _ _ _ _ _ _ _ _

self = <django.db.backends.sqlite3.base.SQLiteCursorWrapper object at 0x000002B4FCC923F0>
query = 'INSERT INTO "laundries_laundry" ("id", "name", "description", "image", "address", "city", "latitude", "longitude", "p...owner_id", "created_at", "updated_at") VALUES (?, ?, ?, ?, ?, ?, ?, ?, ?, ?, ?, ?, ?, ?, ?, ?, ?, ?, ?, ?, ?, ?, ?, ?)'
params = ('7233694f21084e0ebeb0c89ef546b00c', 'Test Laundry', '', '', 'Test Address', 'Accra', ...)

    def execute(self, query, params=None):
        if params is None:
            return super().execute(query)
        # Extract names if params is a mapping, i.e. "pyformat" style is used.
        param_names = list(params) if isinstance(params, Mapping) else None
        query = self.convert_query(query, param_names=param_names)
>       return super().execute(query, params)
               ^^^^^^^^^^^^^^^^^^^^^^^^^^^^^^
E       django.db.utils.IntegrityError: NOT NULL constraint failed: laundries_laundry.latitude

C:\Users\odame\AppData\Roaming\Python\Python314\site-packages\django\db\backends\sqlite3\base.py:359: IntegrityError
_______________ TestForgotPassword.test_forgot_password_success _______________

self = <test_forgot_password.TestForgotPassword object at 0x000002B4FCD1F9D0>
client = <django.test.client.Client object at 0x000002B4FE50A8E0>

    def test_forgot_password_success(self, client):
        """Known email: creates token, returns 200, sends email."""
        user = User.objects.create_user(email="test@example.com",
            phone="1234567890",
            password="old-password"
        )
        url = reverse('auth_forgot_password')
    
        response = client.post(url, {"email": "test@example.com"}, content_type='application/json')
    
>       assert response.status_code == status.HTTP_200_OK
E       assert 500 == 200
E        +  where 500 = <Response status_code=500, "application/json">.status_code
E        +  and   200 = status.HTTP_200_OK

tests\test_forgot_password.py:35: AssertionError
------------------------------ Captured log call ------------------------------
WARNING  kombu.connection:connection.py:671 No hostname was supplied. Reverting to default 'localhost'
ERROR    users.tasks:tasks.py:50 Error sending password reset email
ERROR    config.exception_handler:exception_handler.py:30 DRF Exception at /api/v1/auth/forgot-password/
Traceback (most recent call last):
  File "C:\projects\CONNECT\connect_new_backend\users\tasks.py", line 23, in send_password_reset_email
    'expiry_hours': settings.PASSWORD_RESET_TOKEN_EXPIRY_HOURS,
                    ^^^^^^^^^^^^^^^^^^^^^^^^^^^^^^^^^^^^^^^^^^
  File "C:\Users\odame\AppData\Roaming\Python\Python314\site-packages\django\conf\__init__.py", line 77, in __getattr__
    val = getattr(_wrapped, name)
  File "C:\Users\odame\AppData\Roaming\Python\Python314\site-packages\django\conf\__init__.py", line 225, in __getattr__
    return getattr(self.default_settings, name)
  File "C:\Users\odame\AppData\Roaming\Python\Python314\site-packages\django\conf\__init__.py", line 225, in __getattr__
    return getattr(self.default_settings, name)
  File "C:\Users\odame\AppData\Roaming\Python\Python314\site-packages\django\conf\__init__.py", line 225, in __getattr__
    return getattr(self.default_settings, name)
AttributeError: 'Settings' object has no attribute 'PASSWORD_RESET_TOKEN_EXPIRY_HOURS'

During handling of the above exception, another exception occurred:

Traceback (most recent call last):
  File "C:\Users\odame\AppData\Roaming\Python\Python314\site-packages\rest_framework\views.py", line 512, in dispatch
    response = handler(request, *args, **kwargs)
  File "C:\projects\CONNECT\connect_new_backend\users\views\password_reset.py", line 33, in post
    send_password_reset_email.delay(email, reset_link, raw_token)
    ~~~~~~~~~~~~~~~~~~~~~~~~~~~~~~~^^^^^^^^^^^^^^^^^^^^^^^^^^^^^^
  File "C:\Users\odame\AppData\Roaming\Python\Python314\site-packages\celery\app\task.py", line 444, in delay
    return self.apply_async(args, kwargs)
           ~~~~~~~~~~~~~~~~^^^^^^^^^^^^^^
  File "C:\Users\odame\AppData\Roaming\Python\Python314\site-packages\celery\app\task.py", line 605, in apply_async
    return self.apply(args, kwargs, task_id=task_id or uuid(),
           ~~~~~~~~~~^^^^^^^^^^^^^^^^^^^^^^^^^^^^^^^^^^^^^^^^^
                      link=link, link_error=link_error, **options)
                      ^^^^^^^^^^^^^^^^^^^^^^^^^^^^^^^^^^^^^^^^^^^^
  File "C:\Users\odame\AppData\Roaming\Python\Python314\site-packages\celery\app\task.py", line 843, in apply
    ret = tracer(task_id, args, kwargs, request)
  File "C:\Users\odame\AppData\Roaming\Python\Python314\site-packages\celery\app\trace.py", line 494, in trace_task
    I, R, state, retval = on_error(
                          ~~~~~~~~^
        task_request, exc, RETRY, call_errbacks=False)
        ^^^^^^^^^^^^^^^^^^^^^^^^^^^^^^^^^^^^^^^^^^^^^^
  File "C:\Users\odame\AppData\Roaming\Python\Python314\site-packages\celery\app\trace.py", line 479, in trace_task
    R = retval = fun(*args, **kwargs)
                 ~~~^^^^^^^^^^^^^^^^^
  File "C:\projects\CONNECT\connect_new_backend\users\tasks.py", line 55, in send_password_reset_email
    raise self.retry(exc=e, countdown=60)
          ~~~~~~~~~~^^^^^^^^^^^^^^^^^^^^^
  File "C:\Users\odame\AppData\Roaming\Python\Python314\site-packages\celery\app\task.py", line 763, in retry
    raise ret
celery.exceptions.Retry: Retry in 60s: AttributeError("'Settings' object has no attribute 'PASSWORD_RESET_TOKEN_EXPIRY_HOURS'")
ERROR    django.request:log.py:249 Internal Server Error: /api/v1/auth/forgot-password/
_________ TestPaymentFlow.test_payment_initialization_creates_record __________

self = <test_payments.TestPaymentFlow object at 0x000002B4FCD7CF50>
mock_init = <MagicMock name='initialize_transaction' id='2976389615968'>

    @patch('payments.services.paystack.PaystackService.initialize_transaction')
    def test_payment_initialization_creates_record(self, mock_init):
        customer, order = _build_order()
        client = _auth_client(customer)
        mock_init.return_value = {
            'status': True,
            'data': {
                'authorization_url': 'https://paystack.example/authorize',
                'access_code': 'ACCESS123',
            }
        }
    
        with override_settings(ROOT_URLCONF='config.urls'):
            response = client.post(
                reverse('payment_initialize'),
                {'order_id': str(order.id), 'payment_method': 'CARD'},
                format='json',
            )
    
>       assert response.status_code == status.HTTP_200_OK
E       assert 500 == 200
E        +  where 500 = <Response status_code=500, "application/json">.status_code
E        +  and   200 = status.HTTP_200_OK

tests\test_payments.py:149: AssertionError
------------------------------ Captured log call ------------------------------
ERROR    config.exception_handler:exception_handler.py:30 DRF Exception at /api/v1/payments/initialize/
Traceback (most recent call last):
  File "C:\Users\odame\AppData\Roaming\Python\Python314\site-packages\rest_framework\throttling.py", line 92, in get_rate
    return self.THROTTLE_RATES[self.scope]
           ~~~~~~~~~~~~~~~~~~~^^^^^^^^^^^^
KeyError: 'payment_create'

During handling of the above exception, another exception occurred:

Traceback (most recent call last):
  File "C:\Users\odame\AppData\Roaming\Python\Python314\site-packages\rest_framework\views.py", line 503, in dispatch
    self.initial(request, *args, **kwargs)
    ~~~~~~~~~~~~^^^^^^^^^^^^^^^^^^^^^^^^^^
  File "C:\Users\odame\AppData\Roaming\Python\Python314\site-packages\rest_framework\views.py", line 422, in initial
    self.check_throttles(request)
    ~~~~~~~~~~~~~~~~~~~~^^^^^^^^^
  File "C:\Users\odame\AppData\Roaming\Python\Python314\site-packages\rest_framework\views.py", line 364, in check_throttles
    for throttle in self.get_throttles():
                    ~~~~~~~~~~~~~~~~~~^^
  File "C:\Users\odame\AppData\Roaming\Python\Python314\site-packages\rest_framework\views.py", line 290, in get_throttles
    return [throttle() for throttle in self.throttle_classes]
            ~~~~~~~~^^
  File "C:\Users\odame\AppData\Roaming\Python\Python314\site-packages\rest_framework\throttling.py", line 70, in __init__
    self.rate = self.get_rate()
                ~~~~~~~~~~~~~^^
  File "C:\Users\odame\AppData\Roaming\Python\Python314\site-packages\rest_framework\throttling.py", line 95, in get_rate
    raise ImproperlyConfigured(msg)
django.core.exceptions.ImproperlyConfigured: No default throttle rate set for 'payment_create' scope
ERROR    django.request:log.py:249 Internal Server Error: /api/v1/payments/initialize/
_____ TestPaymentFlow.test_payment_verification_updates_payment_and_order _____

self = <test_payments.TestPaymentFlow object at 0x000002B4FCD7CE10>
mock_verify = <MagicMock name='verify_transaction' id='2976390716384'>

    @patch('payments.services.paystack.PaystackService.verify_transaction')
    def test_payment_verification_updates_payment_and_order(self, mock_verify):
        customer, order = _build_order()
        payment = Payment.objects.create(
            user=customer,
            order=order,
            amount=Decimal('25.00'),
            currency='GHS',
            transaction_reference='ORD-TEST-VERIFY',
            payment_method=Payment.Method.CARD,
            status=Payment.Status.PENDING,
        )
        client = _auth_client(customer)
        mock_verify.return_value = {
            'status': True,
            'data': {
                'status': 'success',
                'amount': 2500,
                'currency': 'GHS',
                'reference': payment.transaction_reference,
                'metadata': {
                    'order_id': str(order.id),
                    'user_id': str(customer.id),
                },
            }
        }
    
        with override_settings(ROOT_URLCONF='config.urls'):
            response = client.get(reverse('payment_verify', kwargs={'reference': payment.transaction_reference}))
    
>       assert response.status_code == status.HTTP_200_OK
E       assert 500 == 200
E        +  where 500 = <Response status_code=500, "application/json">.status_code
E        +  and   200 = status.HTTP_200_OK

tests\test_payments.py:182: AssertionError
------------------------------ Captured log call ------------------------------
ERROR    config.exception_handler:exception_handler.py:30 DRF Exception at /api/v1/payments/verify/ORD-TEST-VERIFY/
Traceback (most recent call last):
  File "C:\Users\odame\AppData\Roaming\Python\Python314\site-packages\rest_framework\views.py", line 512, in dispatch
    response = handler(request, *args, **kwargs)
  File "C:\projects\CONNECT\connect_new_backend\payments\views.py", line 186, in get
    paystack = PaystackService()
  File "C:\projects\CONNECT\connect_new_backend\payments\services\paystack.py", line 15, in __init__
    self.secret_key = settings.PAYSTACK_SECRET_KEY
                      ^^^^^^^^^^^^^^^^^^^^^^^^^^^^
  File "C:\Users\odame\AppData\Roaming\Python\Python314\site-packages\django\conf\__init__.py", line 77, in __getattr__
    val = getattr(_wrapped, name)
  File "C:\Users\odame\AppData\Roaming\Python\Python314\site-packages\django\conf\__init__.py", line 225, in __getattr__
    return getattr(self.default_settings, name)
AttributeError: 'Settings' object has no attribute 'PAYSTACK_SECRET_KEY'
ERROR    django.request:log.py:249 Internal Server Error: /api/v1/payments/verify/ORD-TEST-VERIFY/
______ TestPaymentFlow.test_payment_verification_rejects_amount_mismatch ______

self = <test_payments.TestPaymentFlow object at 0x000002B4FCD029E0>
mock_verify = <MagicMock name='verify_transaction' id='2976390715040'>

    @patch('payments.services.paystack.PaystackService.verify_transaction')
    def test_payment_verification_rejects_amount_mismatch(self, mock_verify):
        customer, order = _build_order()
        payment = Payment.objects.create(
            user=customer,
            order=order,
            amount=Decimal('25.00'),
            currency='GHS',
            transaction_reference='ORD-TEST-MISMATCH',
            payment_method=Payment.Method.CARD,
            status=Payment.Status.PENDING,
        )
        client = _auth_client(customer)
        mock_verify.return_value = {
            'status': True,
            'data': {
                'status': 'success',
                'amount': 2400,
                'currency': 'GHS',
                'reference': payment.transaction_reference,
                'metadata': {
                    'order_id': str(order.id),
                    'user_id': str(customer.id),
                },
            }
        }
    
        with override_settings(ROOT_URLCONF='config.urls'):
            response = client.get(reverse('payment_verify', kwargs={'reference': payment.transaction_reference}))
    
>       assert response.status_code == status.HTTP_400_BAD_REQUEST
E       assert 500 == 400
E        +  where 500 = <Response status_code=500, "application/json">.status_code
E        +  and   400 = status.HTTP_400_BAD_REQUEST

tests\test_payments.py:219: AssertionError
------------------------------ Captured log call ------------------------------
ERROR    config.exception_handler:exception_handler.py:30 DRF Exception at /api/v1/payments/verify/ORD-TEST-MISMATCH/
Traceback (most recent call last):
  File "C:\Users\odame\AppData\Roaming\Python\Python314\site-packages\rest_framework\views.py", line 512, in dispatch
    response = handler(request, *args, **kwargs)
  File "C:\projects\CONNECT\connect_new_backend\payments\views.py", line 186, in get
    paystack = PaystackService()
  File "C:\projects\CONNECT\connect_new_backend\payments\services\paystack.py", line 15, in __init__
    self.secret_key = settings.PAYSTACK_SECRET_KEY
                      ^^^^^^^^^^^^^^^^^^^^^^^^^^^^
  File "C:\Users\odame\AppData\Roaming\Python\Python314\site-packages\django\conf\__init__.py", line 77, in __getattr__
    val = getattr(_wrapped, name)
  File "C:\Users\odame\AppData\Roaming\Python\Python314\site-packages\django\conf\__init__.py", line 225, in __getattr__
    return getattr(self.default_settings, name)
AttributeError: 'Settings' object has no attribute 'PAYSTACK_SECRET_KEY'
ERROR    django.request:log.py:249 Internal Server Error: /api/v1/payments/verify/ORD-TEST-MISMATCH/
____________________ TestThrottling.test_feedback_throttle ____________________

self = <test_throttling.TestThrottling object at 0x000002B4FCD1E210>
auth_client = <rest_framework.test.APIClient object at 0x000002B4FD236410>

    def test_feedback_throttle(self, auth_client):
        url = reverse('feedback')
        # Rate is 3/hour
        for _ in range(3):
            response = auth_client.post(url, data={"subject": "test", "message": "test"})
            assert response.status_code != status.HTTP_429_TOO_MANY_REQUESTS
    
        response = auth_client.post(url, data={"subject": "test", "message": "test"})
>       assert response.status_code == status.HTTP_429_TOO_MANY_REQUESTS
E       assert 201 == 429
E        +  where 201 = <Response status_code=201, "application/json">.status_code
E        +  and   429 = status.HTTP_429_TOO_MANY_REQUESTS

tests\test_throttling.py:36: AssertionError
============================== warnings summary ===============================
..\..\..\Users\odame\AppData\Roaming\Python\Python314\site-packages\pythonjsonlogger\jsonlogger.py:11
  C:\Users\odame\AppData\Roaming\Python\Python314\site-packages\pythonjsonlogger\jsonlogger.py:11: DeprecationWarning: pythonjsonlogger.jsonlogger has been moved to pythonjsonlogger.json
    warnings.warn(

-- Docs: https://docs.pytest.org/en/stable/how-to/capture-warnings.html
=========================== short test summary info ===========================
FAILED laundries/tests/test_dashboard.py::DashboardTests::test_customer_cannot_access_stats
FAILED laundries/tests/test_dashboard.py::DashboardTests::test_earnings_calculation
FAILED laundries/tests/test_dashboard.py::DashboardTests::test_owner_can_access_stats
FAILED marketplace/tests/test_notifications.py::NotificationTests::test_mark_all_read
FAILED marketplace/tests/test_notifications.py::NotificationTests::test_mark_as_read
FAILED marketplace/tests/test_notifications.py::NotificationTests::test_order_creation_triggers_owner_notification
FAILED tests/test_forgot_password.py::TestForgotPassword::test_forgot_password_success
FAILED tests/test_payments.py::TestPaymentFlow::test_payment_initialization_creates_record
FAILED tests/test_payments.py::TestPaymentFlow::test_payment_verification_updates_payment_and_order
FAILED tests/test_payments.py::TestPaymentFlow::test_payment_verification_rejects_amount_mismatch
FAILED tests/test_throttling.py::TestThrottling::test_feedback_throttle - ass...
ERROR ordering/tests/test_permissions.py::TestOrderPermissions::test_owner_can_accept_order
ERROR ordering/tests/test_permissions.py::TestOrderPermissions::test_other_laundry_owner_cannot_accept_order
ERROR ordering/tests/test_permissions.py::TestOrderPermissions::test_customer_cannot_accept_order
ERROR ordering/tests/test_permissions.py::TestOrderPermissions::test_admin_can_accept_order
ERROR tests/test_orders.py::TestOrderStateTransitions::test_order_creation_to_confirmation
============= 11 failed, 45 passed, 1 warning, 5 errors in 30.86s =============
