python : {"message": "(0.288) 
SELECT oid, typarray FROM 
pg_type WHERE typname = 
'hstore'; args=('hstore',); 
alias=default", "duration": 
0.2878978999942774, "sql": 
"SELECT oid, typarray FROM 
pg_type WHERE typname = 
'hstore'", "params": ["hstore"], 
"alias": "default", "level": 
"DEBUG", "timestamp": "2026-03-08
T16:11:26.560757+00:00"}
At line:1 char:1
+ python manage.py shell -c 
"import test_locally; 
test_locally.test_dis ...
+ ~~~~~~~~~~~~~~~~~~~~~~~~~~~~~~~
~~~~~~~~~~~~~~~~~~~~~~~~~~~~~~~~~
~~~~~
    + CategoryInfo          : No 
   tSpecified: ({"message": "(0  
  ....560757+00:00"}:String) [   
 ], RemoteException
    + FullyQualifiedErrorId : Na 
   tiveCommandError
 
{"message": "(0.288) SELECT oid, 
typarray FROM pg_type WHERE 
typname = 'citext'; 
args=('citext',); 
alias=default", "duration": 
0.2875722000026144, "sql": 
"SELECT oid, typarray FROM 
pg_type WHERE typname = 
'citext'", "params": ["citext"], 
"alias": "default", "level": 
"DEBUG", "timestamp": "2026-03-08
T16:11:26.849149+00:00"}
{"message": "(0.327) SELECT 
\"users_user\".\"password\", 
\"users_user\".\"last_login\", 
\"users_user\".\"is_superuser\", 
\"users_user\".\"id\", 
\"users_user\".\"email\", 
\"users_user\".\"phone\", 
\"users_user\".\"first_name\", 
\"users_user\".\"last_name\", \"u
sers_user\".\"referral_code\", \"
users_user\".\"referred_by_id\", 
\"users_user\".\"role\", 
\"users_user\".\"is_verified\", 
\"users_user\".\"is_active\", 
\"users_user\".\"is_staff\", \"us
ers_user\".\"deactivated_at\", \"
users_user\".\"deactivation_reaso
n\", \"users_user\".\"avatar\", 
\"users_user\".\"created_at\", 
\"users_user\".\"updated_at\" 
FROM \"users_user\" WHERE 
\"users_user\".\"email\" = 
'test_tester@test.com' LIMIT 21; 
args=('test_tester@test.com',); 
alias=default", "duration": 
0.32733140000345884, "sql": 
"SELECT 
\"users_user\".\"password\", 
\"users_user\".\"last_login\", 
\"users_user\".\"is_superuser\", 
\"users_user\".\"id\", 
\"users_user\".\"email\", 
\"users_user\".\"phone\", 
\"users_user\".\"first_name\", 
\"users_user\".\"last_name\", \"u
sers_user\".\"referral_code\", \"
users_user\".\"referred_by_id\", 
\"users_user\".\"role\", 
\"users_user\".\"is_verified\", 
\"users_user\".\"is_active\", 
\"users_user\".\"is_staff\", \"us
ers_user\".\"deactivated_at\", \"
users_user\".\"deactivation_reaso
n\", \"users_user\".\"avatar\", 
\"users_user\".\"created_at\", 
\"users_user\".\"updated_at\" 
FROM \"users_user\" WHERE 
\"users_user\".\"email\" = 
'test_tester@test.com' LIMIT 
21", "params": 
["test_tester@test.com"], 
"alias": "default", "level": 
"DEBUG", "timestamp": "2026-03-08
T16:11:27.177169+00:00"}
{"message": "Unhandled exception 
at /api/v1/laundries/laundries/: 
name 'settings' is not defined", 
"exc_info": "Traceback (most 
recent call last):\n  File \"C:\\
Users\\odame\\AppData\\Roaming\\P
ython\\Python314\\site-packages\\
rest_framework\\views.py\", line 
512, in dispatch\n    response = 
handler(request, *args, 
**kwargs)\n  File \"C:\\Users\\od
ame\\AppData\\Roaming\\Python\\Py
thon314\\site-packages\\rest_fram
ework\\mixins.py\", line 38, in 
list\n    queryset = self.filter_
queryset(self.get_queryset())\n  
                                 
 ~~~~~~~~~~~~~~~~~^^\n  File \"C:
\\projects\\connect_new_backend\\
laundries\\views\\laundry.py\", 
line 89, in get_queryset\n    
queryset = 
super().get_queryset()\n  File \"
C:\\Users\\odame\\AppData\\Roamin
g\\Python\\Python314\\site-packag
es\\rest_framework\\generics.py\"
, line 67, in get_queryset\n    
assert self.queryset is not 
None, (\n           ^^^^^^^^^^^^^
^^^^^^^^^^^^\nAssertionError: 
'LaundryViewSet' should either 
include a `queryset` attribute, 
or override the `get_queryset()` 
method.\n\nDuring handling of 
the above exception, another 
exception occurred:\n\nTraceback 
(most recent call last):\n  File 
\"C:\\Users\\odame\\AppData\\Roam
ing\\Python\\Python314\\site-pack
ages\\django\\core\\handlers\\bas
e.py\", line 198, in 
_get_response\n    response = 
wrapped_callback(request, 
*callback_args, 
**callback_kwargs)\n  File \"C:\\
Users\\odame\\AppData\\Roaming\\P
ython\\Python314\\site-packages\\
sentry_sdk\\integrations\\django\
\views.py\", line 87, in 
sentry_wrapped_callback\n    
return callback(request, *args, 
**kwargs)\n  File \"C:\\Users\\od
ame\\AppData\\Roaming\\Python\\Py
thon314\\site-packages\\django\\v
iews\\decorators\\csrf.py\", 
line 65, in _view_wrapper\n    
return view_func(request, *args, 
**kwargs)\n  File \"C:\\Users\\od
ame\\AppData\\Roaming\\Python\\Py
thon314\\site-packages\\rest_fram
ework\\viewsets.py\", line 125, 
in view\n    return 
self.dispatch(request, *args, 
**kwargs)\n           ~~~~~~~~~~~
~~^^^^^^^^^^^^^^^^^^^^^^^^^^\n  
File \"C:\\Users\\odame\\AppData\
\Roaming\\Python\\Python314\\site
-packages\\rest_framework\\views.
py\", line 515, in dispatch\n    
response = 
self.handle_exception(exc)\n  
File \"C:\\Users\\odame\\AppData\
\Roaming\\Python\\Python314\\site
-packages\\rest_framework\\views.
py\", line 472, in 
handle_exception\n    response = 
exception_handler(exc, 
context)\n  File \"C:\\projects\\
connect_new_backend\\config\\exce
ption_handler.py\", line 22, in 
custom_exception_handler\n    
\"message\": f\"Server Error: 
{str(exc)}\" if settings.DEBUG 
else \"An internal server error 
occurred.\",\n                   
                           
^^^^^^^^\nNameError: name 
'settings' is not defined", 
"level": "ERROR", "timestamp": "2
026-03-08T16:11:27.779725+00:00"}
Internal Server Error: 
/api/v1/laundries/laundries/
{"message": "Internal Server 
Error: 
/api/v1/laundries/laundries/", 
"request": "<WSGIRequest: GET '/a
pi/v1/laundries/laundries/?is_fea
tured=true'>", "status_code": 
500, "path": 
"/api/v1/laundries/laundries/", 
"method": "GET", "request_id": "5
0c5c19e-36b1-479a-8f6f-6dd0aa6a14
53", "user_id": "fae1a092-7c11-49
fc-8620-ab170fb98946", 
"user_email": 
"test_tester@test.com", "level": 
"ERROR", "timestamp": "2026-03-08
T16:11:28.564559+00:00"}
{"message": "Unhandled exception 
at /api/v1/laundries/laundries/: 
name 'settings' is not defined", 
"exc_info": "Traceback (most 
recent call last):\n  File \"C:\\
Users\\odame\\AppData\\Roaming\\P
ython\\Python314\\site-packages\\
rest_framework\\views.py\", line 
512, in dispatch\n    response = 
handler(request, *args, 
**kwargs)\n  File \"C:\\Users\\od
ame\\AppData\\Roaming\\Python\\Py
thon314\\site-packages\\rest_fram
ework\\mixins.py\", line 38, in 
list\n    queryset = self.filter_
queryset(self.get_queryset())\n  
                                 
 ~~~~~~~~~~~~~~~~~^^\n  File \"C:
\\projects\\connect_new_backend\\
laundries\\views\\laundry.py\", 
line 89, in get_queryset\n    
queryset = 
super().get_queryset()\n  File \"
C:\\Users\\odame\\AppData\\Roamin
g\\Python\\Python314\\site-packag
es\\rest_framework\\generics.py\"
, line 67, in get_queryset\n    
assert self.queryset is not 
None, (\n           ^^^^^^^^^^^^^
^^^^^^^^^^^^\nAssertionError: 
'LaundryViewSet' should either 
include a `queryset` attribute, 
or override the `get_queryset()` 
method.\n\nDuring handling of 
the above exception, another 
exception occurred:\n\nTraceback 
(most recent call last):\n  File 
\"C:\\Users\\odame\\AppData\\Roam
ing\\Python\\Python314\\site-pack
ages\\django\\core\\handlers\\bas
e.py\", line 198, in 
_get_response\n    response = 
wrapped_callback(request, 
*callback_args, 
**callback_kwargs)\n  File \"C:\\
Users\\odame\\AppData\\Roaming\\P
ython\\Python314\\site-packages\\
sentry_sdk\\integrations\\django\
\views.py\", line 87, in 
sentry_wrapped_callback\n    
return callback(request, *args, 
**kwargs)\n  File \"C:\\Users\\od
ame\\AppData\\Roaming\\Python\\Py
thon314\\site-packages\\django\\v
iews\\decorators\\csrf.py\", 
line 65, in _view_wrapper\n    
return view_func(request, *args, 
**kwargs)\n  File \"C:\\Users\\od
ame\\AppData\\Roaming\\Python\\Py
thon314\\site-packages\\rest_fram
ework\\viewsets.py\", line 125, 
in view\n    return 
self.dispatch(request, *args, 
**kwargs)\n           ~~~~~~~~~~~
~~^^^^^^^^^^^^^^^^^^^^^^^^^^\n  
File \"C:\\Users\\odame\\AppData\
\Roaming\\Python\\Python314\\site
-packages\\rest_framework\\views.
py\", line 515, in dispatch\n    
response = 
self.handle_exception(exc)\n  
File \"C:\\Users\\odame\\AppData\
\Roaming\\Python\\Python314\\site
-packages\\rest_framework\\views.
py\", line 472, in 
handle_exception\n    response = 
exception_handler(exc, 
context)\n  File \"C:\\projects\\
connect_new_backend\\config\\exce
ption_handler.py\", line 22, in 
custom_exception_handler\n    
\"message\": f\"Server Error: 
{str(exc)}\" if settings.DEBUG 
else \"An internal server error 
occurred.\",\n                   
                           
^^^^^^^^\nNameError: name 
'settings' is not defined", 
"level": "ERROR", "timestamp": "2
026-03-08T16:11:28.576549+00:00"}
Internal Server Error: 
/api/v1/laundries/laundries/
{"message": "Internal Server 
Error: 
/api/v1/laundries/laundries/", 
"request": "<WSGIRequest: GET '/a
pi/v1/laundries/laundries/?nearby
=true&lat=5.6&lng=-0.1'>", 
"status_code": 500, "path": 
"/api/v1/laundries/laundries/", 
"method": "GET", "request_id": "b
91d89ae-755f-4b53-8990-24165b35a2
95", "user_id": "fae1a092-7c11-49
fc-8620-ab170fb98946", 
"user_email": 
"test_tester@test.com", "level": 
"ERROR", "timestamp": "2026-03-08
T16:11:28.613756+00:00"}
{"message": "(0.310) SELECT 1; 
args=None; alias=default", 
"duration": 0.30956049999804236, 
"sql": "SELECT 1", "params": 
null, "alias": "default", 
"level": "DEBUG", "timestamp": "2
026-03-08T16:11:28.937304+00:00"}
{"message": "(0.371) SELECT 
postgis_full_version(); 
args=None; alias=default", 
"duration": 0.3714449000035529, 
"sql": "SELECT 
postgis_full_version()", 
"params": null, "alias": 
"default", "level": "DEBUG", 
"timestamp": "2026-03-08T16:11:29
.309542+00:00"}
40 objects imported automatically (use -v 2 for details).


--- Featured Laundries ---
Status: 500
JSON Output: {
  "status": "error",
  "message": "Server Error: name 'settings' is not defined",
  "data": {}
}

--- Nearby Search ---
Status: 500
JSON Output: {
  "status": "error",
  "message": "Server Error: name 'settings' is not defined",
  "data": {}
}

--- Diagnosis ---
Status: 200
JSON Output: {
  "status": "success",
  "message": "Operation successful.",
  "data": {
    "status": "success",
    "data": {
      "db_connection": true,
      "postgis": "POSTGIS=\"3.3.3 2355e8e\" [EXTENSION] PGSQL=\"160\" GEOS=\"3.9.0-CAPI-1.16.2\" PROJ=\"7.2.1\" LIBXML=\"2.9.10\" LIBJSON=\"0.15\" LIBPROTOBUF=\"1.3.3\" WAGYU=\"0.5.0 (Internal)\"",
      "use_postgis_setting": "False",
      "debug_mode": true,
      "allowed_hosts": [
        "*"
      ]
    }
  }
}
Sentry is attempting to send 3 
pending events
Waiting up to 2 seconds
Press Ctrl-Break to quit
